🚀 cebpub 全历史高速爬虫
   目标是覆盖 2018-01 ~ 至今 全部分类
   并发: 20 线程 | 延迟: 0.08s | 每页延迟: 页面/PAGE_DELAY
   数据文件: /home/hermes/projects/bidding-site/data/bids-cebpub.json
   已有标讯: 20147 条


[1/102] 已耗时 0.0min | 已新增 0

=======================================================
📅 2026-06-01 ~ 2026-06-30
=======================================================
  总页数: 500 页, 每页 ~20 条
  → 50/499 页 (10%) | 新增 1020 | 跳过 0
  → 100/499 页 (20%) | 新增 2020 | 跳过 0
  → 150/499 页 (30%) | 新增 3020 | 跳过 0
  → 200/499 页 (40%) | 新增 4020 | 跳过 0
  → 250/499 页 (50%) | 新增 5020 | 跳过 0
  → 300/499 页 (60%) | 新增 6020 | 跳过 0
  → 350/499 页 (70%) | 新增 7020 | 跳过 0
  → 400/499 页 (80%) | 新增 7333 | 跳过 687
  → 450/499 页 (90%) | 新增 7334 | 跳过 1686
  💾 已保存: 共 27481 条
  📊 完成: 新增 7334, 跳过 2666, 扫描 500 页

[2/102] 已耗时 0.6min | 已新增 7334

=======================================================
📅 2026-05-01 ~ 2026-05-31
=======================================================
  总页数: 500 页, 每页 ~20 条
  → 50/499 页 (10%) | 新增 0 | 跳过 1000
  → 100/499 页 (20%) | 新增 0 | 跳过 2000
  → 150/499 页 (30%) | 新增 0 | 跳过 3000
  → 200/499 页 (40%) | 新增 0 | 跳过 4000
  → 250/499 页 (50%) | 新增 0 | 跳过 5000
  → 300/499 页 (60%) | 新增 0 | 跳过 6000
  → 350/499 页 (70%) | 新增 0 | 跳过 7000
  → 400/499 页 (80%) | 新增 0 | 跳过 8000
  → 450/499 页 (90%) | 新增 0 | 跳过 9000
  📊 完成: 新增 0, 跳过 9980, 扫描 500 页

[3/102] 已耗时 1.2min | 已新增 7334

=======================================================
📅 2026-04-01 ~ 2026-04-30
=======================================================
  总页数: 500 页, 每页 ~20 条
  → 50/499 页 (10%) | 新增 0 | 跳过 1000
  → 100/499 页 (20%) | 新增 0 | 跳过 2000
  → 150/499 页 (30%) | 新增 0 | 跳过 3000
  → 200/499 页 (40%) | 新增 0 | 跳过 4000
  → 250/499 页 (50%) | 新增 0 | 跳过 5000
  → 300/499 页 (60%) | 新增 0 | 跳过 6000
  → 350/499 页 (70%) | 新增 0 | 跳过 7000
  → 400/499 页 (80%) | 新增 0 | 跳过 8000
  → 450/499 页 (90%) | 新增 0 | 跳过 9000
  📊 完成: 新增 0, 跳过 9980, 扫描 500 页

📊 进度: 3/102 个月
   耗时: 1.8 min
   新增: 7,334 条
   速率: 237884 条/小时

[4/102] 已耗时 1.8min | 已新增 7334

=======================================================
📅 2026-03-01 ~ 2026-03-31
=======================================================
  总页数: 500 页, 每页 ~20 条
  → 50/499 页 (10%) | 新增 0 | 跳过 1000
  → 100/499 页 (20%) | 新增 0 | 跳过 2000
  → 150/499 页 (30%) | 新增 0 | 跳过 3000
  → 200/499 页 (40%) | 新增 0 | 跳过 4000
  → 250/499 页 (50%) | 新增 0 | 跳过 5000
  → 300/499 页 (60%) | 新增 0 | 跳过 6000
  → 350/499 页 (70%) | 新增 0 | 跳过 7000
  → 400/499 页 (80%) | 新增 0 | 跳过 8000
  → 450/499 页 (90%) | 新增 0 | 跳过 9000
  📊 完成: 新增 0, 跳过 9980, 扫描 500 页

[5/102] 已耗时 2.5min | 已新增 7334

=======================================================
📅 2026-02-01 ~ 2026-02-28
=======================================================
  总页数: 500 页, 每页 ~20 条
  → 50/499 页 (10%) | 新增 0 | 跳过 1000
  → 100/499 页 (20%) | 新增 0 | 跳过 2000
  → 150/499 页 (30%) | 新增 0 | 跳过 3000
  → 200/499 页 (40%) | 新增 0 | 跳过 4000
  → 250/499 页 (50%) | 新增 0 | 跳过 5000
  → 300/499 页 (60%) | 新增 0 | 跳过 6000
  → 350/499 页 (70%) | 新增 0 | 跳过 7000
  → 400/499 页 (80%) | 新增 0 | 跳过 8000
  → 450/499 页 (90%) | 新增 0 | 跳过 9000
  📊 完成: 新增 0, 跳过 9980, 扫描 500 页

[6/102] 已耗时 3.1min | 已新增 7334

=======================================================
📅 2026-01-01 ~ 2026-01-31
=======================================================
  总页数: 500 页, 每页 ~20 条
  → 50/499 页 (10%) | 新增 0 | 跳过 1000
  → 100/499 页 (20%) | 新增 0 | 跳过 2000
  → 150/499 页 (30%) | 新增 0 | 跳过 3000
  → 200/499 页 (40%) | 新增 0 | 跳过 4000
  → 250/499 页 (50%) | 新增 0 | 跳过 5000
  → 300/499 页 (60%) | 新增 0 | 跳过 6000
  → 350/499 页 (70%) | 新增 0 | 跳过 7000
  → 400/499 页 (80%) | 新增 0 | 跳过 8000
  → 450/499 页 (90%) | 新增 0 | 跳过 9000
  📊 完成: 新增 0, 跳过 9980, 扫描 500 页

📊 进度: 6/102 个月
   耗时: 3.6 min
   新增: 7,334 条
   速率: 120570 条/小时

[7/102] 已耗时 3.6min | 已新增 7334

=======================================================
📅 2025-12-01 ~ 2025-12-31
=======================================================
  总页数: 500 页, 每页 ~20 条
  → 50/499 页 (10%) | 新增 0 | 跳过 1000
  → 100/499 页 (20%) | 新增 0 | 跳过 2000
  → 150/499 页 (30%) | 新增 0 | 跳过 3000
  → 200/499 页 (40%) | 新增 0 | 跳过 4000
  → 250/499 页 (50%) | 新增 0 | 跳过 5000
  → 300/499 页 (60%) | 新增 0 | 跳过 6000
  → 350/499 页 (70%) | 新增 0 | 跳过 7000
  → 400/499 页 (80%) | 新增 0 | 跳过 8000
  → 450/499 页 (90%) | 新增 0 | 跳过 9000
  📊 完成: 新增 0, 跳过 9980, 扫描 500 页

[8/102] 已耗时 4.2min | 已新增 7334

=======================================================
📅 2025-11-01 ~ 2025-11-30
=======================================================
  总页数: 500 页, 每页 ~20 条
  → 50/499 页 (10%) | 新增 1 | 跳过 1000
  → 100/499 页 (20%) | 新增 1 | 跳过 2000
  → 150/499 页 (30%) | 新增 1 | 跳过 3000
  → 200/499 页 (40%) | 新增 1 | 跳过 4000
  → 250/499 页 (50%) | 新增 1 | 跳过 5000
  → 300/499 页 (60%) | 新增 1 | 跳过 6000
  → 350/499 页 (70%) | 新增 1 | 跳过 7000
  → 400/499 页 (80%) | 新增 1 | 跳过 8000
  → 450/499 页 (90%) | 新增 1 | 跳过 9000
  💾 已保存: 共 27482 条
  📊 完成: 新增 1, 跳过 9980, 扫描 500 页

[9/102] 已耗时 5.1min | 已新增 7335

=======================================================
📅 2025-10-01 ~ 2025-10-31
=======================================================
  总页数: 500 页, 每页 ~20 条
  → 50/499 页 (10%) | 新增 0 | 跳过 1000
  → 100/499 页 (20%) | 新增 0 | 跳过 2000
  → 150/499 页 (30%) | 新增 0 | 跳过 3000
  → 200/499 页 (40%) | 新增 0 | 跳过 4000
  → 250/499 页 (50%) | 新增 0 | 跳过 5000
  → 300/499 页 (60%) | 新增 0 | 跳过 6000
  → 350/499 页 (70%) | 新增 0 | 跳过 7000
  → 400/499 页 (80%) | 新增 0 | 跳过 8000
  → 450/499 页 (90%) | 新增 0 | 跳过 9000
  📊 完成: 新增 0, 跳过 9980, 扫描 500 页

📊 进度: 9/102 个月
   耗时: 5.7 min
   新增: 7,335 条
   速率: 77559 条/小时

[10/102] 已耗时 5.7min | 已新增 7335

=======================================================
📅 2025-09-01 ~ 2025-09-30
=======================================================
  总页数: 500 页, 每页 ~20 条
  → 50/499 页 (10%) | 新增 0 | 跳过 1000
  → 100/499 页 (20%) | 新增 0 | 跳过 2000
  → 150/499 页 (30%) | 新增 0 | 跳过 3000
  → 200/499 页 (40%) | 新增 0 | 跳过 4000
  → 250/499 页 (50%) | 新增 0 | 跳过 5000
  → 300/499 页 (60%) | 新增 0 | 跳过 6000
  → 350/499 页 (70%) | 新增 0 | 跳过 7000
  → 400/499 页 (80%) | 新增 0 | 跳过 8000
  → 450/499 页 (90%) | 新增 0 | 跳过 9000
  📊 完成: 新增 0, 跳过 9980, 扫描 500 页

[11/102] 已耗时 6.3min | 已新增 7335

=======================================================
📅 2025-08-01 ~ 2025-08-31
=======================================================
  总页数: 500 页, 每页 ~20 条
  → 50/499 页 (10%) | 新增 0 | 跳过 1000
  → 100/499 页 (20%) | 新增 0 | 跳过 2000
  → 150/499 页 (30%) | 新增 0 | 跳过 3000
  → 200/499 页 (40%) | 新增 0 | 跳过 4000
  → 250/499 页 (50%) | 新增 0 | 跳过 5000
  → 300/499 页 (60%) | 新增 0 | 跳过 6000
  → 350/499 页 (70%) | 新增 0 | 跳过 7000
  → 400/499 页 (80%) | 新增 0 | 跳过 8000
  → 450/499 页 (90%) | 新增 0 | 跳过 9000
  📊 完成: 新增 0, 跳过 9980, 扫描 500 页

[12/102] 已耗时 6.9min | 已新增 7335

=======================================================
📅 2025-07-01 ~ 2025-07-31
=======================================================
  总页数: 500 页, 每页 ~20 条
  → 50/499 页 (10%) | 新增 0 | 跳过 1000
  → 100/499 页 (20%) | 新增 0 | 跳过 2000
  → 150/499 页 (30%) | 新增 0 | 跳过 3000
  → 200/499 页 (40%) | 新增 0 | 跳过 4000
  → 250/499 页 (50%) | 新增 0 | 跳过 5000
  → 300/499 页 (60%) | 新增 0 | 跳过 6000
  → 350/499 页 (70%) | 新增 0 | 跳过 7000
  → 400/499 页 (80%) | 新增 0 | 跳过 8000
  → 450/499 页 (90%) | 新增 0 | 跳过 9000
  📊 完成: 新增 0, 跳过 9980, 扫描 500 页

📊 进度: 12/102 个月
   耗时: 7.5 min
   新增: 7,335 条
   速率: 58981 条/小时

[13/102] 已耗时 7.5min | 已新增 7335

=======================================================
📅 2025-06-01 ~ 2025-06-30
=======================================================
  总页数: 500 页, 每页 ~20 条
  → 50/499 页 (10%) | 新增 0 | 跳过 1000
  → 100/499 页 (20%) | 新增 0 | 跳过 2000
  → 150/499 页 (30%) | 新增 0 | 跳过 3000
  → 200/499 页 (40%) | 新增 0 | 跳过 4000
  → 250/499 页 (50%) | 新增 0 | 跳过 5000
  → 300/499 页 (60%) | 新增 0 | 跳过 6000
  → 350/499 页 (70%) | 新增 0 | 跳过 7000
  → 400/499 页 (80%) | 新增 0 | 跳过 8000
  → 450/499 页 (90%) | 新增 0 | 跳过 9000
  📊 完成: 新增 0, 跳过 9980, 扫描 500 页

[14/102] 已耗时 8.1min | 已新增 7335

=======================================================
📅 2025-05-01 ~ 2025-05-31
=======================================================
  总页数: 500 页, 每页 ~20 条
  → 50/499 页 (10%) | 新增 0 | 跳过 1000
  → 100/499 页 (20%) | 新增 0 | 跳过 2000
  → 150/499 页 (30%) | 新增 0 | 跳过 3000
  → 200/499 页 (40%) | 新增 0 | 跳过 4000
  → 250/499 页 (50%) | 新增 0 | 跳过 5000
  → 300/499 页 (60%) | 新增 0 | 跳过 6000
  → 350/499 页 (70%) | 新增 0 | 跳过 7000
  → 400/499 页 (80%) | 新增 0 | 跳过 8000
  → 450/499 页 (90%) | 新增 0 | 跳过 9000
  📊 完成: 新增 0, 跳过 9980, 扫描 500 页

[15/102] 已耗时 8.7min | 已新增 7335

=======================================================
📅 2025-04-01 ~ 2025-04-30
=======================================================
  总页数: 500 页, 每页 ~20 条
  → 50/499 页 (10%) | 新增 0 | 跳过 1000
  → 100/499 页 (20%) | 新增 0 | 跳过 2000
  → 150/499 页 (30%) | 新增 0 | 跳过 3000
  → 200/499 页 (40%) | 新增 0 | 跳过 4000
  → 250/499 页 (50%) | 新增 0 | 跳过 5000
  → 300/499 页 (60%) | 新增 0 | 跳过 6000
  → 350/499 页 (70%) | 新增 0 | 跳过 7000
  → 400/499 页 (80%) | 新增 0 | 跳过 8000
  → 450/499 页 (90%) | 新增 0 | 跳过 9000
  📊 完成: 新增 0, 跳过 9980, 扫描 500 页

📊 进度: 15/102 个月
   耗时: 9.3 min
   新增: 7,335 条
   速率: 47425 条/小时

[16/102] 已耗时 9.3min | 已新增 7335

=======================================================
📅 2025-03-01 ~ 2025-03-31
=======================================================
  总页数: 500 页, 每页 ~20 条
  → 50/499 页 (10%) | 新增 0 | 跳过 1000
  → 100/499 页 (20%) | 新增 0 | 跳过 2000
  → 150/499 页 (30%) | 新增 0 | 跳过 3000
  → 200/499 页 (40%) | 新增 0 | 跳过 4000
  → 250/499 页 (50%) | 新增 0 | 跳过 5000
  → 300/499 页 (60%) | 新增 0 | 跳过 6000
  → 350/499 页 (70%) | 新增 0 | 跳过 7000
  → 400/499 页 (80%) | 新增 0 | 跳过 8000
  → 450/499 页 (90%) | 新增 0 | 跳过 9000
  📊 完成: 新增 0, 跳过 9980, 扫描 500 页

[17/102] 已耗时 10.1min | 已新增 7335

=======================================================
📅 2025-02-01 ~ 2025-02-28
=======================================================
  总页数: 500 页, 每页 ~20 条
  → 50/499 页 (10%) | 新增 0 | 跳过 1000
  → 100/499 页 (20%) | 新增 0 | 跳过 2000
  → 150/499 页 (30%) | 新增 0 | 跳过 3000
  → 200/499 页 (40%) | 新增 0 | 跳过 4000
  → 250/499 页 (50%) | 新增 0 | 跳过 5000
  → 300/499 页 (60%) | 新增 0 | 跳过 6000
  → 350/499 页 (70%) | 新增 0 | 跳过 7000
  → 400/499 页 (80%) | 新增 0 | 跳过 8000
  → 450/499 页 (90%) | 新增 0 | 跳过 9000
  📊 完成: 新增 0, 跳过 9980, 扫描 500 页

[18/102] 已耗时 10.7min | 已新增 7335

=======================================================
📅 2025-01-01 ~ 2025-01-31
=======================================================
  总页数: 500 页, 每页 ~20 条
  → 50/499 页 (10%) | 新增 0 | 跳过 1000
  → 100/499 页 (20%) | 新增 0 | 跳过 2000
  → 150/499 页 (30%) | 新增 0 | 跳过 3000
  → 200/499 页 (40%) | 新增 0 | 跳过 4000
  → 250/499 页 (50%) | 新增 0 | 跳过 5000
  → 300/499 页 (60%) | 新增 0 | 跳过 6000
  → 350/499 页 (70%) | 新增 0 | 跳过 7000
  → 400/499 页 (80%) | 新增 0 | 跳过 8000
  → 450/499 页 (90%) | 新增 0 | 跳过 9000
  📊 完成: 新增 0, 跳过 9980, 扫描 500 页

📊 进度: 18/102 个月
   耗时: 11.3 min
   新增: 7,335 条
   速率: 38865 条/小时

[19/102] 已耗时 11.3min | 已新增 7335

=======================================================
📅 2024-12-01 ~ 2024-12-31
=======================================================
  总页数: 500 页, 每页 ~20 条
  → 50/499 页 (10%) | 新增 0 | 跳过 1000
  → 100/499 页 (20%) | 新增 0 | 跳过 2000
  → 150/499 页 (30%) | 新增 0 | 跳过 3000
  → 200/499 页 (40%) | 新增 0 | 跳过 4000
  → 250/499 页 (50%) | 新增 0 | 跳过 5000
  → 300/499 页 (60%) | 新增 0 | 跳过 6000
  → 350/499 页 (70%) | 新增 0 | 跳过 7000
  → 400/499 页 (80%) | 新增 0 | 跳过 8000
  → 450/499 页 (90%) | 新增 0 | 跳过 9000
  📊 完成: 新增 0, 跳过 9980, 扫描 500 页

[20/102] 已耗时 11.9min | 已新增 7335

=======================================================
📅 2024-11-01 ~ 2024-11-30
=======================================================
  总页数: 500 页, 每页 ~20 条
  → 50/499 页 (10%) | 新增 0 | 跳过 1000
  → 100/499 页 (20%) | 新增 0 | 跳过 2000
  → 150/499 页 (30%) | 新增 0 | 跳过 3000
  → 200/499 页 (40%) | 新增 0 | 跳过 4000
  → 250/499 页 (50%) | 新增 0 | 跳过 5000
  → 300/499 页 (60%) | 新增 0 | 跳过 6000
  → 350/499 页 (70%) | 新增 0 | 跳过 7000
  → 400/499 页 (80%) | 新增 0 | 跳过 8000
  → 450/499 页 (90%) | 新增 0 | 跳过 9000
  📊 完成: 新增 0, 跳过 9980, 扫描 500 页

[21/102] 已耗时 12.5min | 已新增 7335

=======================================================
📅 2024-10-01 ~ 2024-10-31
=======================================================
  总页数: 500 页, 每页 ~20 条
  → 50/499 页 (10%) | 新增 0 | 跳过 1000
  → 100/499 页 (20%) | 新增 0 | 跳过 2000
  → 150/499 页 (30%) | 新增 0 | 跳过 3000
  → 200/499 页 (40%) | 新增 0 | 跳过 4000
  → 250/499 页 (50%) | 新增 0 | 跳过 5000
  → 300/499 页 (60%) | 新增 0 | 跳过 6000
  → 350/499 页 (70%) | 新增 0 | 跳过 7000
  → 400/499 页 (80%) | 新增 0 | 跳过 8000
  → 450/499 页 (90%) | 新增 0 | 跳过 9000
  📊 完成: 新增 0, 跳过 9980, 扫描 500 页

📊 进度: 21/102 个月
   耗时: 13.1 min
   新增: 7,335 条
   速率: 33569 条/小时

[22/102] 已耗时 13.1min | 已新增 7335

=======================================================
📅 2024-09-01 ~ 2024-09-30
=======================================================
  总页数: 500 页, 每页 ~20 条
  → 50/499 页 (10%) | 新增 0 | 跳过 1000
  → 100/499 页 (20%) | 新增 0 | 跳过 2000
  → 150/499 页 (30%) | 新增 0 | 跳过 3000
  → 200/499 页 (40%) | 新增 0 | 跳过 4000
  → 250/499 页 (50%) | 新增 0 | 跳过 5000
  → 300/499 页 (60%) | 新增 0 | 跳过 6000
  → 350/499 页 (70%) | 新增 0 | 跳过 7000
  → 400/499 页 (80%) | 新增 0 | 跳过 8000
  → 450/499 页 (90%) | 新增 0 | 跳过 9000
  📊 完成: 新增 0, 跳过 9980, 扫描 500 页

[23/102] 已耗时 13.7min | 已新增 7335

=======================================================
📅 2024-08-01 ~ 2024-08-31
=======================================================
  总页数: 500 页, 每页 ~20 条
  → 50/499 页 (10%) | 新增 0 | 跳过 1000
  → 100/499 页 (20%) | 新增 0 | 跳过 2000
  → 150/499 页 (30%) | 新增 0 | 跳过 3000
  → 200/499 页 (40%) | 新增 0 | 跳过 4000
  → 250/499 页 (50%) | 新增 0 | 跳过 5000
  → 300/499 页 (60%) | 新增 0 | 跳过 6000
  → 350/499 页 (70%) | 新增 0 | 跳过 7000
  → 400/499 页 (80%) | 新增 0 | 跳过 8000
  → 450/499 页 (90%) | 新增 0 | 跳过 9000
  📊 完成: 新增 0, 跳过 9980, 扫描 500 页

[24/102] 已耗时 14.3min | 已新增 7335

=======================================================
📅 2024-07-01 ~ 2024-07-31
=======================================================
  总页数: 500 页, 每页 ~20 条
  → 50/499 页 (10%) | 新增 0 | 跳过 1000
  → 100/499 页 (20%) | 新增 0 | 跳过 2000
  → 150/499 页 (30%) | 新增 0 | 跳过 3000
  → 200/499 页 (40%) | 新增 0 | 跳过 4000
  → 250/499 页 (50%) | 新增 0 | 跳过 5000
  → 300/499 页 (60%) | 新增 0 | 跳过 6000
  → 350/499 页 (70%) | 新增 0 | 跳过 7000
  → 400/499 页 (80%) | 新增 0 | 跳过 8000
  → 450/499 页 (90%) | 新增 0 | 跳过 9000
  📊 完成: 新增 0, 跳过 9980, 扫描 500 页

📊 进度: 24/102 个月
   耗时: 15.8 min
   新增: 7,335 条
   速率: 27938 条/小时

[25/102] 已耗时 15.8min | 已新增 7335

=======================================================
📅 2024-06-01 ~ 2024-06-30
=======================================================
  总页数: 500 页, 每页 ~20 条
  → 50/499 页 (10%) | 新增 0 | 跳过 1000
  → 100/499 页 (20%) | 新增 0 | 跳过 2000
  → 150/499 页 (30%) | 新增 0 | 跳过 3000
  → 200/499 页 (40%) | 新增 0 | 跳过 4000
  → 250/499 页 (50%) | 新增 0 | 跳过 5000
  → 300/499 页 (60%) | 新增 0 | 跳过 6000
  → 350/499 页 (70%) | 新增 0 | 跳过 7000
  → 400/499 页 (80%) | 新增 0 | 跳过 8000
  → 450/499 页 (90%) | 新增 0 | 跳过 9000
  📊 完成: 新增 0, 跳过 9980, 扫描 500 页

[26/102] 已耗时 17.2min | 已新增 7335

=======================================================
📅 2024-05-01 ~ 2024-05-31
=======================================================
  总页数: 500 页, 每页 ~20 条
  → 50/499 页 (10%) | 新增 0 | 跳过 1000
  → 100/499 页 (20%) | 新增 0 | 跳过 2000
  → 150/499 页 (30%) | 新增 0 | 跳过 3000
  → 200/499 页 (40%) | 新增 0 | 跳过 4000
  → 250/499 页 (50%) | 新增 0 | 跳过 5000
  → 300/499 页 (60%) | 新增 0 | 跳过 6000
  → 350/499 页 (70%) | 新增 0 | 跳过 7000
  → 400/499 页 (80%) | 新增 0 | 跳过 8000
  → 450/499 页 (90%) | 新增 0 | 跳过 9000
  📊 完成: 新增 0, 跳过 9980, 扫描 500 页

[27/102] 已耗时 18.5min | 已新增 7335

=======================================================
📅 2024-04-01 ~ 2024-04-30
=======================================================
  总页数: 500 页, 每页 ~20 条
  → 50/499 页 (10%) | 新增 0 | 跳过 1000
  → 100/499 页 (20%) | 新增 0 | 跳过 2000
  → 150/499 页 (30%) | 新增 0 | 跳过 3000
  → 200/499 页 (40%) | 新增 0 | 跳过 4000
  → 250/499 页 (50%) | 新增 0 | 跳过 5000
  → 300/499 页 (60%) | 新增 0 | 跳过 6000
  → 350/499 页 (70%) | 新增 0 | 跳过 7000
  → 400/499 页 (80%) | 新增 0 | 跳过 8000
  → 450/499 页 (90%) | 新增 0 | 跳过 9000
  📊 完成: 新增 0, 跳过 9980, 扫描 500 页

📊 进度: 27/102 个月
   耗时: 19.1 min
   新增: 7,335 条
   速率: 23036 条/小时

[28/102] 已耗时 19.1min | 已新增 7335

=======================================================
📅 2024-03-01 ~ 2024-03-31
=======================================================
  总页数: 500 页, 每页 ~20 条
  → 50/499 页 (10%) | 新增 0 | 跳过 1000
  → 100/499 页 (20%) | 新增 0 | 跳过 2000
  → 150/499 页 (30%) | 新增 0 | 跳过 3000
  → 200/499 页 (40%) | 新增 0 | 跳过 4000
  → 250/499 页 (50%) | 新增 0 | 跳过 5000
  → 300/499 页 (60%) | 新增 0 | 跳过 6000
  → 350/499 页 (70%) | 新增 0 | 跳过 7000
  → 400/499 页 (80%) | 新增 0 | 跳过 8000
  → 450/499 页 (90%) | 新增 0 | 跳过 9000
  📊 完成: 新增 0, 跳过 9980, 扫描 500 页

[29/102] 已耗时 19.7min | 已新增 7335

=======================================================
📅 2024-02-01 ~ 2024-02-29
=======================================================
  总页数: 500 页, 每页 ~20 条
  → 50/499 页 (10%) | 新增 0 | 跳过 1000
  → 100/499 页 (20%) | 新增 0 | 跳过 2000
  → 150/499 页 (30%) | 新增 0 | 跳过 3000
  → 200/499 页 (40%) | 新增 0 | 跳过 4000
  → 250/499 页 (50%) | 新增 0 | 跳过 5000
  → 300/499 页 (60%) | 新增 0 | 跳过 6000
  → 350/499 页 (70%) | 新增 0 | 跳过 7000
  → 400/499 页 (80%) | 新增 0 | 跳过 8000
  → 450/499 页 (90%) | 新增 0 | 跳过 9000
  📊 完成: 新增 0, 跳过 9980, 扫描 500 页

[30/102] 已耗时 21.7min | 已新增 7335

=======================================================
📅 2024-01-01 ~ 2024-01-31
=======================================================
  总页数: 500 页, 每页 ~20 条
  → 50/499 页 (10%) | 新增 0 | 跳过 1000
  → 100/499 页 (20%) | 新增 0 | 跳过 2000
  → 150/499 页 (30%) | 新增 0 | 跳过 3000
  → 200/499 页 (40%) | 新增 0 | 跳过 4000
  → 250/499 页 (50%) | 新增 0 | 跳过 5000
  → 300/499 页 (60%) | 新增 0 | 跳过 6000
  → 350/499 页 (70%) | 新增 0 | 跳过 7000
  → 400/499 页 (80%) | 新增 0 | 跳过 8000
  → 450/499 页 (90%) | 新增 0 | 跳过 9000
  📊 完成: 新增 0, 跳过 9980, 扫描 500 页

📊 进度: 30/102 个月
   耗时: 22.4 min
   新增: 7,335 条
   速率: 19688 条/小时

[31/102] 已耗时 22.4min | 已新增 7335

=======================================================
📅 2023-12-01 ~ 2023-12-31
=======================================================
  总页数: 500 页, 每页 ~20 条
  → 50/499 页 (10%) | 新增 0 | 跳过 1000
  → 100/499 页 (20%) | 新增 0 | 跳过 2000
  → 150/499 页 (30%) | 新增 0 | 跳过 3000
  → 200/499 页 (40%) | 新增 0 | 跳过 4000
  → 250/499 页 (50%) | 新增 0 | 跳过 5000
  → 300/499 页 (60%) | 新增 0 | 跳过 6000
  → 350/499 页 (70%) | 新增 0 | 跳过 7000
  → 400/499 页 (80%) | 新增 0 | 跳过 8000
  → 450/499 页 (90%) | 新增 0 | 跳过 9000
  📊 完成: 新增 0, 跳过 9980, 扫描 500 页

[32/102] 已耗时 23.1min | 已新增 7335

=======================================================
📅 2023-11-01 ~ 2023-11-30
=======================================================
  总页数: 500 页, 每页 ~20 条
  → 50/499 页 (10%) | 新增 0 | 跳过 1000
  → 100/499 页 (20%) | 新增 0 | 跳过 2000
  → 150/499 页 (30%) | 新增 0 | 跳过 3000
  → 200/499 页 (40%) | 新增 0 | 跳过 4000
  → 250/499 页 (50%) | 新增 0 | 跳过 5000
  → 300/499 页 (60%) | 新增 0 | 跳过 6000
  → 350/499 页 (70%) | 新增 0 | 跳过 7000
  → 400/499 页 (80%) | 新增 0 | 跳过 8000
  → 450/499 页 (90%) | 新增 0 | 跳过 9000
  📊 完成: 新增 0, 跳过 9980, 扫描 500 页

[33/102] 已耗时 23.7min | 已新增 7335

=======================================================
📅 2023-10-01 ~ 2023-10-31
=======================================================
  总页数: 500 页, 每页 ~20 条
  → 50/499 页 (10%) | 新增 0 | 跳过 1000
  → 100/499 页 (20%) | 新增 0 | 跳过 2000
  → 150/499 页 (30%) | 新增 0 | 跳过 3000
  → 200/499 页 (40%) | 新增 0 | 跳过 4000
  → 250/499 页 (50%) | 新增 0 | 跳过 5000
  → 300/499 页 (60%) | 新增 0 | 跳过 6000
  → 350/499 页 (70%) | 新增 0 | 跳过 7000
  → 400/499 页 (80%) | 新增 0 | 跳过 8000
  → 450/499 页 (90%) | 新增 0 | 跳过 9000
  📊 完成: 新增 0, 跳过 9980, 扫描 500 页

📊 进度: 33/102 个月
   耗时: 24.3 min
   新增: 7,335 条
   速率: 18085 条/小时

[34/102] 已耗时 24.3min | 已新增 7335

=======================================================
📅 2023-09-01 ~ 2023-09-30
=======================================================
  总页数: 500 页, 每页 ~20 条
  → 50/499 页 (10%) | 新增 0 | 跳过 1000
  → 100/499 页 (20%) | 新增 0 | 跳过 2000
  → 150/499 页 (30%) | 新增 0 | 跳过 3000
  → 200/499 页 (40%) | 新增 0 | 跳过 4000
  → 250/499 页 (50%) | 新增 0 | 跳过 5000
  → 300/499 页 (60%) | 新增 0 | 跳过 6000
  → 350/499 页 (70%) | 新增 0 | 跳过 7000
  → 400/499 页 (80%) | 新增 0 | 跳过 8000
  → 450/499 页 (90%) | 新增 0 | 跳过 9000
  📊 完成: 新增 0, 跳过 9980, 扫描 500 页

[35/102] 已耗时 25.0min | 已新增 7335

=======================================================
📅 2023-08-01 ~ 2023-08-31
=======================================================
  总页数: 500 页, 每页 ~20 条
  → 50/499 页 (10%) | 新增 7 | 跳过 1000
  → 100/499 页 (20%) | 新增 7 | 跳过 2000
  → 150/499 页 (30%) | 新增 7 | 跳过 3000
  → 200/499 页 (40%) | 新增 7 | 跳过 4000
  → 250/499 页 (50%) | 新增 7 | 跳过 5000
  → 300/499 页 (60%) | 新增 7 | 跳过 6000
  → 350/499 页 (70%) | 新增 7 | 跳过 7000
  → 400/499 页 (80%) | 新增 7 | 跳过 8000
  → 450/499 页 (90%) | 新增 7 | 跳过 9000
  💾 已保存: 共 27489 条
  📊 完成: 新增 7, 跳过 9980, 扫描 500 页

[36/102] 已耗时 25.8min | 已新增 7342

=======================================================
📅 2023-07-01 ~ 2023-07-31
=======================================================
  总页数: 500 页, 每页 ~20 条
  → 50/499 页 (10%) | 新增 0 | 跳过 1000
  → 100/499 页 (20%) | 新增 0 | 跳过 2000
  → 150/499 页 (30%) | 新增 0 | 跳过 3000
  → 200/499 页 (40%) | 新增 0 | 跳过 4000
  → 250/499 页 (50%) | 新增 0 | 跳过 5000
  → 300/499 页 (60%) | 新增 0 | 跳过 6000
  → 350/499 页 (70%) | 新增 0 | 跳过 7000
  → 400/499 页 (80%) | 新增 0 | 跳过 8000
  → 450/499 页 (90%) | 新增 0 | 跳过 9000
  📊 完成: 新增 0, 跳过 9980, 扫描 500 页

📊 进度: 36/102 个月
   耗时: 26.7 min
   新增: 7,342 条
   速率: 16504 条/小时

[37/102] 已耗时 26.7min | 已新增 7342

=======================================================
📅 2023-06-01 ~ 2023-06-30
=======================================================
  总页数: 500 页, 每页 ~20 条
  → 50/499 页 (10%) | 新增 0 | 跳过 1000
  → 100/499 页 (20%) | 新增 0 | 跳过 2000
  → 150/499 页 (30%) | 新增 0 | 跳过 3000
  → 200/499 页 (40%) | 新增 0 | 跳过 4000
  → 250/499 页 (50%) | 新增 0 | 跳过 5000
  → 300/499 页 (60%) | 新增 0 | 跳过 6000
  → 350/499 页 (70%) | 新增 0 | 跳过 7000
  → 400/499 页 (80%) | 新增 0 | 跳过 8000
  → 450/499 页 (90%) | 新增 0 | 跳过 9000
  📊 完成: 新增 0, 跳过 9980, 扫描 500 页

[38/102] 已耗时 27.3min | 已新增 7342

=======================================================
📅 2023-05-01 ~ 2023-05-31
=======================================================
  总页数: 500 页, 每页 ~20 条
  → 50/499 页 (10%) | 新增 0 | 跳过 1000
  → 100/499 页 (20%) | 新增 0 | 跳过 2000
  → 150/499 页 (30%) | 新增 0 | 跳过 3000
  → 200/499 页 (40%) | 新增 0 | 跳过 4000
  → 250/499 页 (50%) | 新增 0 | 跳过 5000
  → 300/499 页 (60%) | 新增 0 | 跳过 6000
  → 350/499 页 (70%) | 新增 0 | 跳过 7000
  → 400/499 页 (80%) | 新增 0 | 跳过 8000
  → 450/499 页 (90%) | 新增 0 | 跳过 9000
  📊 完成: 新增 0, 跳过 9980, 扫描 500 页

[39/102] 已耗时 27.9min | 已新增 7342

=======================================================
📅 2023-04-01 ~ 2023-04-30
=======================================================
  总页数: 500 页, 每页 ~20 条
  → 50/499 页 (10%) | 新增 0 | 跳过 1000
  → 100/499 页 (20%) | 新增 0 | 跳过 2000
  → 150/499 页 (30%) | 新增 0 | 跳过 3000
  → 200/499 页 (40%) | 新增 0 | 跳过 4000
  → 250/499 页 (50%) | 新增 0 | 跳过 5000
  → 300/499 页 (60%) | 新增 0 | 跳过 6000
  → 350/499 页 (70%) | 新增 0 | 跳过 7000
  → 400/499 页 (80%) | 新增 0 | 跳过 8000
  → 450/499 页 (90%) | 新增 0 | 跳过 9000
  📊 完成: 新增 0, 跳过 9980, 扫描 500 页

📊 进度: 39/102 个月
   耗时: 28.5 min
   新增: 7,342 条
   速率: 15446 条/小时

[40/102] 已耗时 28.5min | 已新增 7342

=======================================================
📅 2023-03-01 ~ 2023-03-31
=======================================================
  总页数: 500 页, 每页 ~20 条
  → 50/499 页 (10%) | 新增 0 | 跳过 1000
  → 100/499 页 (20%) | 新增 0 | 跳过 2000
  → 150/499 页 (30%) | 新增 0 | 跳过 3000
  → 200/499 页 (40%) | 新增 0 | 跳过 4000
  → 250/499 页 (50%) | 新增 0 | 跳过 5000
  → 300/499 页 (60%) | 新增 0 | 跳过 6000
  → 350/499 页 (70%) | 新增 0 | 跳过 7000
  → 400/499 页 (80%) | 新增 0 | 跳过 8000
  → 450/499 页 (90%) | 新增 0 | 跳过 9000
  📊 完成: 新增 0, 跳过 9980, 扫描 500 页

[41/102] 已耗时 29.1min | 已新增 7342

=======================================================
📅 2023-02-01 ~ 2023-02-28
=======================================================
  总页数: 500 页, 每页 ~20 条
  → 50/499 页 (10%) | 新增 0 | 跳过 1000
  → 100/499 页 (20%) | 新增 0 | 跳过 2000
  → 150/499 页 (30%) | 新增 0 | 跳过 3000
  → 200/499 页 (40%) | 新增 0 | 跳过 4000
  → 250/499 页 (50%) | 新增 0 | 跳过 5000
  → 300/499 页 (60%) | 新增 0 | 跳过 6000
  → 350/499 页 (70%) | 新增 0 | 跳过 7000
  → 400/499 页 (80%) | 新增 0 | 跳过 8000
  → 450/499 页 (90%) | 新增 0 | 跳过 9000
  📊 完成: 新增 0, 跳过 9980, 扫描 500 页

[42/102] 已耗时 29.7min | 已新增 7342

=======================================================
📅 2023-01-01 ~ 2023-01-31
=======================================================
  总页数: 500 页, 每页 ~20 条
  → 50/499 页 (10%) | 新增 0 | 跳过 1000
  → 100/499 页 (20%) | 新增 0 | 跳过 2000
  → 150/499 页 (30%) | 新增 0 | 跳过 3000
  → 200/499 页 (40%) | 新增 0 | 跳过 4000
  → 250/499 页 (50%) | 新增 0 | 跳过 5000
  → 300/499 页 (60%) | 新增 0 | 跳过 6000
  → 350/499 页 (70%) | 新增 0 | 跳过 7000
  → 400/499 页 (80%) | 新增 0 | 跳过 8000
  → 450/499 页 (90%) | 新增 0 | 跳过 9000
  📊 完成: 新增 0, 跳过 9980, 扫描 500 页

📊 进度: 42/102 个月
   耗时: 30.3 min
   新增: 7,342 条
   速率: 14528 条/小时

[43/102] 已耗时 30.3min | 已新增 7342

=======================================================
📅 2022-12-01 ~ 2022-12-31
=======================================================
  总页数: 500 页, 每页 ~20 条
  → 50/499 页 (10%) | 新增 4 | 跳过 1000
  → 100/499 页 (20%) | 新增 4 | 跳过 2000
  → 150/499 页 (30%) | 新增 4 | 跳过 3000
  → 200/499 页 (40%) | 新增 4 | 跳过 4000
  → 250/499 页 (50%) | 新增 4 | 跳过 5000
  → 300/499 页 (60%) | 新增 4 | 跳过 6000
  → 350/499 页 (70%) | 新增 4 | 跳过 7000
  → 400/499 页 (80%) | 新增 4 | 跳过 8000
  → 450/499 页 (90%) | 新增 4 | 跳过 9000
  💾 已保存: 共 27493 条
  📊 完成: 新增 4, 跳过 9980, 扫描 500 页

[44/102] 已耗时 31.0min | 已新增 7346

=======================================================
📅 2022-11-01 ~ 2022-11-30
=======================================================
  总页数: 500 页, 每页 ~20 条
  → 50/499 页 (10%) | 新增 0 | 跳过 1000
  → 100/499 页 (20%) | 新增 0 | 跳过 2000
  → 150/499 页 (30%) | 新增 0 | 跳过 3000
  → 200/499 页 (40%) | 新增 0 | 跳过 4000
  → 250/499 页 (50%) | 新增 0 | 跳过 5000
  → 300/499 页 (60%) | 新增 0 | 跳过 6000
  → 350/499 页 (70%) | 新增 0 | 跳过 7000
  → 400/499 页 (80%) | 新增 0 | 跳过 8000
  → 450/499 页 (90%) | 新增 0 | 跳过 9000
  📊 完成: 新增 0, 跳过 9980, 扫描 500 页

[45/102] 已耗时 31.6min | 已新增 7346

=======================================================
📅 2022-10-01 ~ 2022-10-31
=======================================================
  总页数: 500 页, 每页 ~20 条
  → 50/499 页 (10%) | 新增 0 | 跳过 1000
  → 100/499 页 (20%) | 新增 0 | 跳过 2000
  → 150/499 页 (30%) | 新增 0 | 跳过 3000
  → 200/499 页 (40%) | 新增 0 | 跳过 4000
  → 250/499 页 (50%) | 新增 0 | 跳过 5000
  → 300/499 页 (60%) | 新增 0 | 跳过 6000
  → 350/499 页 (70%) | 新增 0 | 跳过 7000
  → 400/499 页 (80%) | 新增 0 | 跳过 8000
  → 450/499 页 (90%) | 新增 0 | 跳过 9000
  📊 完成: 新增 0, 跳过 9980, 扫描 500 页

📊 进度: 45/102 个月
   耗时: 32.2 min
   新增: 7,346 条
   速率: 13676 条/小时

[46/102] 已耗时 32.2min | 已新增 7346

=======================================================
📅 2022-09-01 ~ 2022-09-30
=======================================================
  总页数: 500 页, 每页 ~20 条
  → 50/499 页 (10%) | 新增 0 | 跳过 1000
  → 100/499 页 (20%) | 新增 0 | 跳过 2000
  → 150/499 页 (30%) | 新增 0 | 跳过 3000
  → 200/499 页 (40%) | 新增 0 | 跳过 4000
  → 250/499 页 (50%) | 新增 0 | 跳过 5000
  → 300/499 页 (60%) | 新增 0 | 跳过 6000
  → 350/499 页 (70%) | 新增 0 | 跳过 7000
  → 400/499 页 (80%) | 新增 0 | 跳过 8000
  → 450/499 页 (90%) | 新增 0 | 跳过 9000
  📊 完成: 新增 0, 跳过 9980, 扫描 500 页

[47/102] 已耗时 32.8min | 已新增 7346

=======================================================
📅 2022-08-01 ~ 2022-08-31
=======================================================
  总页数: 500 页, 每页 ~20 条
  → 50/499 页 (10%) | 新增 0 | 跳过 1000
  → 100/499 页 (20%) | 新增 0 | 跳过 2000
  → 150/499 页 (30%) | 新增 0 | 跳过 3000
  → 200/499 页 (40%) | 新增 0 | 跳过 4000
  → 250/499 页 (50%) | 新增 0 | 跳过 5000
  → 300/499 页 (60%) | 新增 0 | 跳过 6000
  → 350/499 页 (70%) | 新增 0 | 跳过 7000
  → 400/499 页 (80%) | 新增 0 | 跳过 8000
  → 450/499 页 (90%) | 新增 0 | 跳过 9000
  📊 完成: 新增 0, 跳过 9980, 扫描 500 页

[48/102] 已耗时 33.4min | 已新增 7346

=======================================================
📅 2022-07-01 ~ 2022-07-31
=======================================================
  总页数: 500 页, 每页 ~20 条
  → 50/499 页 (10%) | 新增 0 | 跳过 1000
  → 100/499 页 (20%) | 新增 0 | 跳过 2000
  → 150/499 页 (30%) | 新增 0 | 跳过 3000
  → 200/499 页 (40%) | 新增 0 | 跳过 4000
  → 250/499 页 (50%) | 新增 0 | 跳过 5000
  → 300/499 页 (60%) | 新增 0 | 跳过 6000
  → 350/499 页 (70%) | 新增 0 | 跳过 7000
  → 400/499 页 (80%) | 新增 0 | 跳过 8000
  → 450/499 页 (90%) | 新增 0 | 跳过 9000
  📊 完成: 新增 0, 跳过 9980, 扫描 500 页

📊 进度: 48/102 个月
   耗时: 34.0 min
   新增: 7,346 条
   速率: 12952 条/小时

[49/102] 已耗时 34.0min | 已新增 7346

=======================================================
📅 2022-06-01 ~ 2022-06-30
=======================================================
  总页数: 500 页, 每页 ~20 条
  → 50/499 页 (10%) | 新增 0 | 跳过 1000
  → 100/499 页 (20%) | 新增 0 | 跳过 2000
  → 150/499 页 (30%) | 新增 0 | 跳过 3000
  → 200/499 页 (40%) | 新增 0 | 跳过 4000
  → 250/499 页 (50%) | 新增 0 | 跳过 5000
  → 300/499 页 (60%) | 新增 0 | 跳过 6000
  → 350/499 页 (70%) | 新增 0 | 跳过 7000
  → 400/499 页 (80%) | 新增 0 | 跳过 8000
  → 450/499 页 (90%) | 新增 0 | 跳过 9000
  📊 完成: 新增 0, 跳过 9980, 扫描 500 页

[50/102] 已耗时 34.6min | 已新增 7346

=======================================================
📅 2022-05-01 ~ 2022-05-31
=======================================================
  总页数: 500 页, 每页 ~20 条
  → 50/499 页 (10%) | 新增 0 | 跳过 1000
  → 100/499 页 (20%) | 新增 0 | 跳过 2000
  → 150/499 页 (30%) | 新增 0 | 跳过 3000
  → 200/499 页 (40%) | 新增 0 | 跳过 4000
  → 250/499 页 (50%) | 新增 0 | 跳过 5000
  → 300/499 页 (60%) | 新增 0 | 跳过 6000
  → 350/499 页 (70%) | 新增 0 | 跳过 7000
  → 400/499 页 (80%) | 新增 0 | 跳过 8000
  → 450/499 页 (90%) | 新增 0 | 跳过 9000
  📊 完成: 新增 0, 跳过 9980, 扫描 500 页

[51/102] 已耗时 35.2min | 已新增 7346

=======================================================
📅 2022-04-01 ~ 2022-04-30
=======================================================
  总页数: 500 页, 每页 ~20 条
  → 50/499 页 (10%) | 新增 0 | 跳过 1000
  → 100/499 页 (20%) | 新增 0 | 跳过 2000
  → 150/499 页 (30%) | 新增 0 | 跳过 3000
  → 200/499 页 (40%) | 新增 0 | 跳过 4000
  → 250/499 页 (50%) | 新增 0 | 跳过 5000
  → 300/499 页 (60%) | 新增 0 | 跳过 6000
  → 350/499 页 (70%) | 新增 0 | 跳过 7000
  → 400/499 页 (80%) | 新增 0 | 跳过 8000
  → 450/499 页 (90%) | 新增 0 | 跳过 9000
  📊 完成: 新增 0, 跳过 9980, 扫描 500 页

📊 进度: 51/102 个月
   耗时: 35.9 min
   新增: 7,346 条
   速率: 12294 条/小时

[52/102] 已耗时 35.9min | 已新增 7346

=======================================================
📅 2022-03-01 ~ 2022-03-31
=======================================================
  总页数: 500 页, 每页 ~20 条
  → 50/499 页 (10%) | 新增 7 | 跳过 1000
  → 100/499 页 (20%) | 新增 7 | 跳过 2000
  → 150/499 页 (30%) | 新增 7 | 跳过 3000
  → 200/499 页 (40%) | 新增 7 | 跳过 4000
  → 250/499 页 (50%) | 新增 7 | 跳过 5000
  → 300/499 页 (60%) | 新增 7 | 跳过 6000
  → 350/499 页 (70%) | 新增 7 | 跳过 7000
  → 400/499 页 (80%) | 新增 7 | 跳过 8000
  → 450/499 页 (90%) | 新增 7 | 跳过 9000
  💾 已保存: 共 27500 条
  📊 完成: 新增 7, 跳过 9980, 扫描 500 页

[53/102] 已耗时 36.5min | 已新增 7353

=======================================================
📅 2022-02-01 ~ 2022-02-28
=======================================================
  总页数: 500 页, 每页 ~20 条
  → 50/499 页 (10%) | 新增 0 | 跳过 1000
  → 100/499 页 (20%) | 新增 0 | 跳过 2000
  → 150/499 页 (30%) | 新增 0 | 跳过 3000
  → 200/499 页 (40%) | 新增 0 | 跳过 4000
  → 250/499 页 (50%) | 新增 0 | 跳过 5000
  → 300/499 页 (60%) | 新增 0 | 跳过 6000
  → 350/499 页 (70%) | 新增 0 | 跳过 7000
  → 400/499 页 (80%) | 新增 0 | 跳过 8000
  → 450/499 页 (90%) | 新增 0 | 跳过 9000
  📊 完成: 新增 0, 跳过 9980, 扫描 500 页

[54/102] 已耗时 37.2min | 已新增 7353

=======================================================
📅 2022-01-01 ~ 2022-01-31
=======================================================
  总页数: 500 页, 每页 ~20 条
  → 50/499 页 (10%) | 新增 0 | 跳过 1000
  → 100/499 页 (20%) | 新增 0 | 跳过 2000
  → 150/499 页 (30%) | 新增 0 | 跳过 3000
  → 200/499 页 (40%) | 新增 0 | 跳过 4000
  → 250/499 页 (50%) | 新增 0 | 跳过 5000
  → 300/499 页 (60%) | 新增 0 | 跳过 6000
  → 350/499 页 (70%) | 新增 0 | 跳过 7000
  → 400/499 页 (80%) | 新增 0 | 跳过 8000
  → 450/499 页 (90%) | 新增 0 | 跳过 9000
  📊 完成: 新增 0, 跳过 9980, 扫描 500 页

📊 进度: 54/102 个月
   耗时: 37.8 min
   新增: 7,353 条
   速率: 11678 条/小时

[55/102] 已耗时 37.8min | 已新增 7353

=======================================================
📅 2021-12-01 ~ 2021-12-31
=======================================================
  总页数: 500 页, 每页 ~20 条
  → 50/499 页 (10%) | 新增 0 | 跳过 1000
  → 100/499 页 (20%) | 新增 0 | 跳过 2000
  → 150/499 页 (30%) | 新增 0 | 跳过 3000
  → 200/499 页 (40%) | 新增 0 | 跳过 4000
  → 250/499 页 (50%) | 新增 0 | 跳过 5000
  → 300/499 页 (60%) | 新增 0 | 跳过 6000
  → 350/499 页 (70%) | 新增 0 | 跳过 7000
  → 400/499 页 (80%) | 新增 0 | 跳过 8000
  → 450/499 页 (90%) | 新增 0 | 跳过 9000
  📊 完成: 新增 0, 跳过 9980, 扫描 500 页

[56/102] 已耗时 38.4min | 已新增 7353

=======================================================
📅 2021-11-01 ~ 2021-11-30
=======================================================
  总页数: 500 页, 每页 ~20 条
  → 50/499 页 (10%) | 新增 0 | 跳过 1000
  → 100/499 页 (20%) | 新增 0 | 跳过 2000
  → 150/499 页 (30%) | 新增 0 | 跳过 3000
  → 200/499 页 (40%) | 新增 0 | 跳过 4000
  → 250/499 页 (50%) | 新增 0 | 跳过 5000
  → 300/499 页 (60%) | 新增 0 | 跳过 6000
  → 350/499 页 (70%) | 新增 0 | 跳过 7000
  → 400/499 页 (80%) | 新增 0 | 跳过 8000
  → 450/499 页 (90%) | 新增 0 | 跳过 9000
  📊 完成: 新增 0, 跳过 9980, 扫描 500 页

[57/102] 已耗时 39.0min | 已新增 7353

=======================================================
📅 2021-10-01 ~ 2021-10-31
=======================================================
  总页数: 500 页, 每页 ~20 条
  → 50/499 页 (10%) | 新增 0 | 跳过 1000
  → 100/499 页 (20%) | 新增 0 | 跳过 2000
  → 150/499 页 (30%) | 新增 0 | 跳过 3000
  → 200/499 页 (40%) | 新增 0 | 跳过 4000
  → 250/499 页 (50%) | 新增 0 | 跳过 5000
  → 300/499 页 (60%) | 新增 0 | 跳过 6000
  → 350/499 页 (70%) | 新增 0 | 跳过 7000
  → 400/499 页 (80%) | 新增 0 | 跳过 8000
  → 450/499 页 (90%) | 新增 0 | 跳过 9000
  📊 完成: 新增 0, 跳过 9980, 扫描 500 页

📊 进度: 57/102 个月
   耗时: 39.6 min
   新增: 7,353 条
   速率: 11144 条/小时

[58/102] 已耗时 39.6min | 已新增 7353

=======================================================
📅 2021-09-01 ~ 2021-09-30
=======================================================
  总页数: 500 页, 每页 ~20 条
  → 50/499 页 (10%) | 新增 0 | 跳过 1000
  → 100/499 页 (20%) | 新增 0 | 跳过 2000
  → 150/499 页 (30%) | 新增 0 | 跳过 3000
  → 200/499 页 (40%) | 新增 0 | 跳过 4000
  → 250/499 页 (50%) | 新增 0 | 跳过 5000
  → 300/499 页 (60%) | 新增 0 | 跳过 6000
  → 350/499 页 (70%) | 新增 0 | 跳过 7000
  → 400/499 页 (80%) | 新增 0 | 跳过 8000
  → 450/499 页 (90%) | 新增 0 | 跳过 9000
  📊 完成: 新增 0, 跳过 9980, 扫描 500 页

[59/102] 已耗时 40.2min | 已新增 7353

=======================================================
📅 2021-08-01 ~ 2021-08-31
=======================================================
  总页数: 500 页, 每页 ~20 条
  → 50/499 页 (10%) | 新增 0 | 跳过 1000
  → 100/499 页 (20%) | 新增 0 | 跳过 2000
  → 150/499 页 (30%) | 新增 0 | 跳过 3000
  → 200/499 页 (40%) | 新增 0 | 跳过 4000
  → 250/499 页 (50%) | 新增 0 | 跳过 5000
  → 300/499 页 (60%) | 新增 0 | 跳过 6000
  → 350/499 页 (70%) | 新增 0 | 跳过 7000
  → 400/499 页 (80%) | 新增 0 | 跳过 8000
  → 450/499 页 (90%) | 新增 0 | 跳过 9000
  📊 完成: 新增 0, 跳过 9980, 扫描 500 页

[60/102] 已耗时 40.8min | 已新增 7353

=======================================================
📅 2021-07-01 ~ 2021-07-31
=======================================================
  总页数: 500 页, 每页 ~20 条
  → 50/499 页 (10%) | 新增 0 | 跳过 1000
  → 100/499 页 (20%) | 新增 0 | 跳过 2000
  → 150/499 页 (30%) | 新增 0 | 跳过 3000
  → 200/499 页 (40%) | 新增 0 | 跳过 4000
  → 250/499 页 (50%) | 新增 0 | 跳过 5000
  → 300/499 页 (60%) | 新增 0 | 跳过 6000
  → 350/499 页 (70%) | 新增 0 | 跳过 7000
  → 400/499 页 (80%) | 新增 0 | 跳过 8000
  → 450/499 页 (90%) | 新增 0 | 跳过 9000
  📊 完成: 新增 0, 跳过 9980, 扫描 500 页

📊 进度: 60/102 个月
   耗时: 41.4 min
   新增: 7,353 条
   速率: 10659 条/小时

[61/102] 已耗时 41.4min | 已新增 7353

=======================================================
📅 2021-06-01 ~ 2021-06-30
=======================================================
  总页数: 500 页, 每页 ~20 条
  → 50/499 页 (10%) | 新增 0 | 跳过 1000
  → 100/499 页 (20%) | 新增 0 | 跳过 2000
  → 150/499 页 (30%) | 新增 0 | 跳过 3000
  → 200/499 页 (40%) | 新增 0 | 跳过 4000
  → 250/499 页 (50%) | 新增 0 | 跳过 5000
  → 300/499 页 (60%) | 新增 0 | 跳过 6000
  → 350/499 页 (70%) | 新增 0 | 跳过 7000
  → 400/499 页 (80%) | 新增 0 | 跳过 8000
  → 450/499 页 (90%) | 新增 0 | 跳过 9000
  📊 完成: 新增 0, 跳过 9980, 扫描 500 页

[62/102] 已耗时 42.0min | 已新增 7353

=======================================================
📅 2021-05-01 ~ 2021-05-31
=======================================================
  总页数: 500 页, 每页 ~20 条
  → 50/499 页 (10%) | 新增 0 | 跳过 1000
  → 100/499 页 (20%) | 新增 0 | 跳过 2000
  → 150/499 页 (30%) | 新增 0 | 跳过 3000
  → 200/499 页 (40%) | 新增 0 | 跳过 4000
  → 250/499 页 (50%) | 新增 0 | 跳过 5000
  → 300/499 页 (60%) | 新增 0 | 跳过 6000
  → 350/499 页 (70%) | 新增 0 | 跳过 7000
  → 400/499 页 (80%) | 新增 0 | 跳过 8000
  → 450/499 页 (90%) | 新增 0 | 跳过 9000
  📊 完成: 新增 0, 跳过 9980, 扫描 500 页

[63/102] 已耗时 42.6min | 已新增 7353

=======================================================
📅 2021-04-01 ~ 2021-04-30
=======================================================
  总页数: 500 页, 每页 ~20 条
  → 50/499 页 (10%) | 新增 0 | 跳过 1000
  → 100/499 页 (20%) | 新增 0 | 跳过 2000
  → 150/499 页 (30%) | 新增 0 | 跳过 3000
  → 200/499 页 (40%) | 新增 0 | 跳过 4000
  → 250/499 页 (50%) | 新增 0 | 跳过 5000
  → 300/499 页 (60%) | 新增 0 | 跳过 6000
  → 350/499 页 (70%) | 新增 0 | 跳过 7000
  → 400/499 页 (80%) | 新增 0 | 跳过 8000
  → 450/499 页 (90%) | 新增 0 | 跳过 9000
  📊 完成: 新增 0, 跳过 9980, 扫描 500 页

📊 进度: 63/102 个月
   耗时: 43.2 min
   新增: 7,353 条
   速率: 10203 条/小时

[64/102] 已耗时 43.2min | 已新增 7353

=======================================================
📅 2021-03-01 ~ 2021-03-31
=======================================================
  总页数: 500 页, 每页 ~20 条
  → 50/499 页 (10%) | 新增 0 | 跳过 1000
  → 100/499 页 (20%) | 新增 0 | 跳过 2000
  → 150/499 页 (30%) | 新增 0 | 跳过 3000
  → 200/499 页 (40%) | 新增 0 | 跳过 4000
  → 250/499 页 (50%) | 新增 0 | 跳过 5000
  → 300/499 页 (60%) | 新增 0 | 跳过 6000
  → 350/499 页 (70%) | 新增 0 | 跳过 7000
  → 400/499 页 (80%) | 新增 0 | 跳过 8000
  → 450/499 页 (90%) | 新增 0 | 跳过 9000
  📊 完成: 新增 0, 跳过 9980, 扫描 500 页

[65/102] 已耗时 43.9min | 已新增 7353

=======================================================
📅 2021-02-01 ~ 2021-02-28
=======================================================
  总页数: 500 页, 每页 ~20 条
  → 50/499 页 (10%) | 新增 0 | 跳过 1000
  → 100/499 页 (20%) | 新增 0 | 跳过 2000
  → 150/499 页 (30%) | 新增 0 | 跳过 3000
  → 200/499 页 (40%) | 新增 0 | 跳过 4000
  → 250/499 页 (50%) | 新增 0 | 跳过 5000
  → 300/499 页 (60%) | 新增 0 | 跳过 6000
  → 350/499 页 (70%) | 新增 0 | 跳过 7000
  → 400/499 页 (80%) | 新增 0 | 跳过 8000
  → 450/499 页 (90%) | 新增 0 | 跳过 9000
  📊 完成: 新增 0, 跳过 9980, 扫描 500 页

[66/102] 已耗时 44.5min | 已新增 7353

=======================================================
📅 2021-01-01 ~ 2021-01-31
=======================================================
  总页数: 500 页, 每页 ~20 条
  → 50/499 页 (10%) | 新增 0 | 跳过 1000
  → 100/499 页 (20%) | 新增 0 | 跳过 2000
  → 150/499 页 (30%) | 新增 0 | 跳过 3000
  → 200/499 页 (40%) | 新增 0 | 跳过 4000
  → 250/499 页 (50%) | 新增 0 | 跳过 5000
  → 300/499 页 (60%) | 新增 0 | 跳过 6000
  → 350/499 页 (70%) | 新增 0 | 跳过 7000
  → 400/499 页 (80%) | 新增 0 | 跳过 8000
  → 450/499 页 (90%) | 新增 0 | 跳过 9000
  📊 完成: 新增 0, 跳过 9980, 扫描 500 页

📊 进度: 66/102 个月
   耗时: 45.1 min
   新增: 7,353 条
   速率: 9790 条/小时

[67/102] 已耗时 45.1min | 已新增 7353

=======================================================
📅 2020-12-01 ~ 2020-12-31
=======================================================
  总页数: 500 页, 每页 ~20 条
  → 50/499 页 (10%) | 新增 0 | 跳过 1000
  → 100/499 页 (20%) | 新增 0 | 跳过 2000
  → 150/499 页 (30%) | 新增 0 | 跳过 3000
  → 200/499 页 (40%) | 新增 0 | 跳过 4000
  → 250/499 页 (50%) | 新增 0 | 跳过 5000
  → 300/499 页 (60%) | 新增 0 | 跳过 6000
  → 350/499 页 (70%) | 新增 0 | 跳过 7000
  → 400/499 页 (80%) | 新增 0 | 跳过 8000
  → 450/499 页 (90%) | 新增 0 | 跳过 9000
  📊 完成: 新增 0, 跳过 9980, 扫描 500 页

[68/102] 已耗时 45.7min | 已新增 7353

=======================================================
📅 2020-11-01 ~ 2020-11-30
=======================================================
  总页数: 500 页, 每页 ~20 条
  → 50/499 页 (10%) | 新增 0 | 跳过 1000
  → 100/499 页 (20%) | 新增 0 | 跳过 2000
  → 150/499 页 (30%) | 新增 0 | 跳过 3000
  → 200/499 页 (40%) | 新增 0 | 跳过 4000
  → 250/499 页 (50%) | 新增 0 | 跳过 5000
  → 300/499 页 (60%) | 新增 0 | 跳过 6000
  → 350/499 页 (70%) | 新增 0 | 跳过 7000
  → 400/499 页 (80%) | 新增 0 | 跳过 8000
  → 450/499 页 (90%) | 新增 0 | 跳过 9000
  📊 完成: 新增 0, 跳过 9980, 扫描 500 页

[69/102] 已耗时 46.3min | 已新增 7353

=======================================================
📅 2020-10-01 ~ 2020-10-31
=======================================================
  总页数: 500 页, 每页 ~20 条
  → 50/499 页 (10%) | 新增 0 | 跳过 1000
  → 100/499 页 (20%) | 新增 0 | 跳过 2000
  → 150/499 页 (30%) | 新增 0 | 跳过 3000
  → 200/499 页 (40%) | 新增 0 | 跳过 4000
  → 250/499 页 (50%) | 新增 0 | 跳过 5000
  → 300/499 页 (60%) | 新增 0 | 跳过 6000
  → 350/499 页 (70%) | 新增 0 | 跳过 7000
  → 400/499 页 (80%) | 新增 0 | 跳过 8000
  → 450/499 页 (90%) | 新增 0 | 跳过 9000
  📊 完成: 新增 0, 跳过 9980, 扫描 500 页

📊 进度: 69/102 个月
   耗时: 46.9 min
   新增: 7,353 条
   速率: 9413 条/小时

[70/102] 已耗时 46.9min | 已新增 7353

=======================================================
📅 2020-09-01 ~ 2020-09-30
=======================================================
  总页数: 500 页, 每页 ~20 条
  → 50/499 页 (10%) | 新增 0 | 跳过 1000
  → 100/499 页 (20%) | 新增 0 | 跳过 2000
  → 150/499 页 (30%) | 新增 0 | 跳过 3000
  → 200/499 页 (40%) | 新增 0 | 跳过 4000
  → 250/499 页 (50%) | 新增 0 | 跳过 5000
  → 300/499 页 (60%) | 新增 0 | 跳过 6000
  → 350/499 页 (70%) | 新增 0 | 跳过 7000
  → 400/499 页 (80%) | 新增 0 | 跳过 8000
  → 450/499 页 (90%) | 新增 0 | 跳过 9000
  📊 完成: 新增 0, 跳过 9980, 扫描 500 页

[71/102] 已耗时 47.5min | 已新增 7353

=======================================================
📅 2020-08-01 ~ 2020-08-31
=======================================================
  总页数: 500 页, 每页 ~20 条
  → 50/499 页 (10%) | 新增 0 | 跳过 1000
  → 100/499 页 (20%) | 新增 0 | 跳过 2000
  → 150/499 页 (30%) | 新增 0 | 跳过 3000
  → 200/499 页 (40%) | 新增 0 | 跳过 4000
  → 250/499 页 (50%) | 新增 0 | 跳过 5000
  → 300/499 页 (60%) | 新增 0 | 跳过 6000
  → 350/499 页 (70%) | 新增 0 | 跳过 7000
  → 400/499 页 (80%) | 新增 0 | 跳过 8000
  → 450/499 页 (90%) | 新增 0 | 跳过 9000
  📊 完成: 新增 0, 跳过 9980, 扫描 500 页

[72/102] 已耗时 48.2min | 已新增 7353

=======================================================
📅 2020-07-01 ~ 2020-07-31
=======================================================
  总页数: 500 页, 每页 ~20 条
  → 50/499 页 (10%) | 新增 0 | 跳过 1000
  → 100/499 页 (20%) | 新增 0 | 跳过 2000
  → 150/499 页 (30%) | 新增 0 | 跳过 3000
  → 200/499 页 (40%) | 新增 0 | 跳过 4000
  → 250/499 页 (50%) | 新增 0 | 跳过 5000
  → 300/499 页 (60%) | 新增 0 | 跳过 6000
  → 350/499 页 (70%) | 新增 0 | 跳过 7000
  → 400/499 页 (80%) | 新增 0 | 跳过 8000
  → 450/499 页 (90%) | 新增 0 | 跳过 9000
  📊 完成: 新增 0, 跳过 9980, 扫描 500 页

📊 进度: 72/102 个月
   耗时: 48.8 min
   新增: 7,353 条
   速率: 9045 条/小时

[73/102] 已耗时 48.8min | 已新增 7353

=======================================================
📅 2020-06-01 ~ 2020-06-30
=======================================================
  总页数: 500 页, 每页 ~20 条
  → 50/499 页 (10%) | 新增 0 | 跳过 1000
  → 100/499 页 (20%) | 新增 0 | 跳过 2000
  → 150/499 页 (30%) | 新增 0 | 跳过 3000
  → 200/499 页 (40%) | 新增 0 | 跳过 4000
  → 250/499 页 (50%) | 新增 0 | 跳过 5000
  → 300/499 页 (60%) | 新增 0 | 跳过 6000
  → 350/499 页 (70%) | 新增 0 | 跳过 7000
  → 400/499 页 (80%) | 新增 0 | 跳过 8000
  → 450/499 页 (90%) | 新增 0 | 跳过 9000
  📊 完成: 新增 0, 跳过 9980, 扫描 500 页

[74/102] 已耗时 49.4min | 已新增 7353

=======================================================
📅 2020-05-01 ~ 2020-05-31
=======================================================
  总页数: 500 页, 每页 ~20 条
  → 50/499 页 (10%) | 新增 0 | 跳过 1000
  → 100/499 页 (20%) | 新增 0 | 跳过 2000
  → 150/499 页 (30%) | 新增 0 | 跳过 3000
  → 200/499 页 (40%) | 新增 0 | 跳过 4000
  → 250/499 页 (50%) | 新增 0 | 跳过 5000
  → 300/499 页 (60%) | 新增 0 | 跳过 6000
  → 350/499 页 (70%) | 新增 0 | 跳过 7000
  → 400/499 页 (80%) | 新增 0 | 跳过 8000
  → 450/499 页 (90%) | 新增 0 | 跳过 9000
  📊 完成: 新增 0, 跳过 9980, 扫描 500 页

[75/102] 已耗时 50.0min | 已新增 7353

=======================================================
📅 2020-04-01 ~ 2020-04-30
=======================================================
  总页数: 500 页, 每页 ~20 条
  → 50/499 页 (10%) | 新增 0 | 跳过 1000
  → 100/499 页 (20%) | 新增 0 | 跳过 2000
  → 150/499 页 (30%) | 新增 0 | 跳过 3000
  → 200/499 页 (40%) | 新增 0 | 跳过 4000
  → 250/499 页 (50%) | 新增 0 | 跳过 5000
  → 300/499 页 (60%) | 新增 0 | 跳过 6000
  → 350/499 页 (70%) | 新增 0 | 跳过 7000
  → 400/499 页 (80%) | 新增 0 | 跳过 8000
  → 450/499 页 (90%) | 新增 0 | 跳过 9000
  📊 完成: 新增 0, 跳过 9980, 扫描 500 页

📊 进度: 75/102 个月
   耗时: 50.6 min
   新增: 7,353 条
   速率: 8717 条/小时

[76/102] 已耗时 50.6min | 已新增 7353

=======================================================
📅 2020-03-01 ~ 2020-03-31
=======================================================
  总页数: 500 页, 每页 ~20 条
  → 50/499 页 (10%) | 新增 0 | 跳过 1000
  → 100/499 页 (20%) | 新增 0 | 跳过 2000
  → 150/499 页 (30%) | 新增 0 | 跳过 3000
  → 200/499 页 (40%) | 新增 0 | 跳过 4000
  → 250/499 页 (50%) | 新增 0 | 跳过 5000
  → 300/499 页 (60%) | 新增 0 | 跳过 6000
  → 350/499 页 (70%) | 新增 0 | 跳过 7000
  → 400/499 页 (80%) | 新增 0 | 跳过 8000
  → 450/499 页 (90%) | 新增 0 | 跳过 9000
  📊 完成: 新增 0, 跳过 9980, 扫描 500 页

[77/102] 已耗时 51.2min | 已新增 7353

=======================================================
📅 2020-02-01 ~ 2020-02-29
=======================================================
  总页数: 500 页, 每页 ~20 条
  → 50/499 页 (10%) | 新增 0 | 跳过 1000
  → 100/499 页 (20%) | 新增 0 | 跳过 2000
  → 150/499 页 (30%) | 新增 0 | 跳过 3000
  → 200/499 页 (40%) | 新增 0 | 跳过 4000
  → 250/499 页 (50%) | 新增 0 | 跳过 5000
  → 300/499 页 (60%) | 新增 0 | 跳过 6000
  → 350/499 页 (70%) | 新增 0 | 跳过 7000
  → 400/499 页 (80%) | 新增 0 | 跳过 8000
  → 450/499 页 (90%) | 新增 0 | 跳过 9000
  📊 完成: 新增 0, 跳过 9980, 扫描 500 页

[78/102] 已耗时 51.9min | 已新增 7353

=======================================================
📅 2020-01-01 ~ 2020-01-31
=======================================================
  总页数: 500 页, 每页 ~20 条
  → 50/499 页 (10%) | 新增 1 | 跳过 1000
  → 100/499 页 (20%) | 新增 1 | 跳过 2000
  → 150/499 页 (30%) | 新增 1 | 跳过 3000
  → 200/499 页 (40%) | 新增 1 | 跳过 4000
  → 250/499 页 (50%) | 新增 1 | 跳过 5000
  → 300/499 页 (60%) | 新增 1 | 跳过 6000
  → 350/499 页 (70%) | 新增 1 | 跳过 7000
  → 400/499 页 (80%) | 新增 1 | 跳过 8000
  → 450/499 页 (90%) | 新增 1 | 跳过 9000
  💾 已保存: 共 27501 条
  📊 完成: 新增 1, 跳过 9980, 扫描 500 页

📊 进度: 78/102 个月
   耗时: 52.8 min
   新增: 7,354 条
   速率: 8350 条/小时

[79/102] 已耗时 52.8min | 已新增 7354

=======================================================
📅 2019-12-01 ~ 2019-12-31
=======================================================
  总页数: 500 页, 每页 ~20 条
  → 50/499 页 (10%) | 新增 0 | 跳过 1000
  → 100/499 页 (20%) | 新增 0 | 跳过 2000
  → 150/499 页 (30%) | 新增 0 | 跳过 3000
  → 200/499 页 (40%) | 新增 0 | 跳过 4000
  → 250/499 页 (50%) | 新增 0 | 跳过 5000
  → 300/499 页 (60%) | 新增 0 | 跳过 6000
  → 350/499 页 (70%) | 新增 0 | 跳过 7000
  → 400/499 页 (80%) | 新增 0 | 跳过 8000
  → 450/499 页 (90%) | 新增 0 | 跳过 9000
  📊 完成: 新增 0, 跳过 9980, 扫描 500 页

[80/102] 已耗时 53.5min | 已新增 7354

=======================================================
📅 2019-11-01 ~ 2019-11-30
=======================================================
  总页数: 500 页, 每页 ~20 条
  → 50/499 页 (10%) | 新增 0 | 跳过 1000
  → 100/499 页 (20%) | 新增 0 | 跳过 2000
  → 150/499 页 (30%) | 新增 0 | 跳过 3000
  → 200/499 页 (40%) | 新增 0 | 跳过 4000
  → 250/499 页 (50%) | 新增 0 | 跳过 5000
  → 300/499 页 (60%) | 新增 0 | 跳过 6000
  → 350/499 页 (70%) | 新增 0 | 跳过 7000
  → 400/499 页 (80%) | 新增 0 | 跳过 8000
  → 450/499 页 (90%) | 新增 0 | 跳过 9000
  📊 完成: 新增 0, 跳过 9980, 扫描 500 页

[81/102] 已耗时 54.1min | 已新增 7354

=======================================================
📅 2019-10-01 ~ 2019-10-31
=======================================================
  总页数: 500 页, 每页 ~20 条
  → 50/499 页 (10%) | 新增 0 | 跳过 1000
  → 100/499 页 (20%) | 新增 0 | 跳过 2000
  → 150/499 页 (30%) | 新增 0 | 跳过 3000
  → 200/499 页 (40%) | 新增 0 | 跳过 4000
  → 250/499 页 (50%) | 新增 0 | 跳过 5000
  → 300/499 页 (60%) | 新增 0 | 跳过 6000
  → 350/499 页 (70%) | 新增 0 | 跳过 7000
  → 400/499 页 (80%) | 新增 0 | 跳过 8000
  → 450/499 页 (90%) | 新增 0 | 跳过 9000
  📊 完成: 新增 0, 跳过 9980, 扫描 500 页

📊 进度: 81/102 个月
   耗时: 54.9 min
   新增: 7,354 条
   速率: 8036 条/小时

[82/102] 已耗时 54.9min | 已新增 7354

=======================================================
📅 2019-09-01 ~ 2019-09-30
=======================================================
  总页数: 500 页, 每页 ~20 条
  → 50/499 页 (10%) | 新增 0 | 跳过 1000
  → 100/499 页 (20%) | 新增 0 | 跳过 2000
  → 150/499 页 (30%) | 新增 0 | 跳过 3000
  → 200/499 页 (40%) | 新增 0 | 跳过 4000
  → 250/499 页 (50%) | 新增 0 | 跳过 5000
  → 300/499 页 (60%) | 新增 0 | 跳过 6000
  → 350/499 页 (70%) | 新增 0 | 跳过 7000
  → 400/499 页 (80%) | 新增 0 | 跳过 8000
  → 450/499 页 (90%) | 新增 0 | 跳过 9000
  📊 完成: 新增 0, 跳过 9980, 扫描 500 页

[83/102] 已耗时 55.5min | 已新增 7354

=======================================================
📅 2019-08-01 ~ 2019-08-31
=======================================================
  总页数: 500 页, 每页 ~20 条
  → 50/499 页 (10%) | 新增 0 | 跳过 1000
  → 100/499 页 (20%) | 新增 0 | 跳过 2000
  → 150/499 页 (30%) | 新增 0 | 跳过 3000
  → 200/499 页 (40%) | 新增 0 | 跳过 4000
  → 250/499 页 (50%) | 新增 0 | 跳过 5000
  → 300/499 页 (60%) | 新增 0 | 跳过 6000
  → 350/499 页 (70%) | 新增 0 | 跳过 7000
  → 400/499 页 (80%) | 新增 0 | 跳过 8000
  → 450/499 页 (90%) | 新增 0 | 跳过 9000
  📊 完成: 新增 0, 跳过 9980, 扫描 500 页

[84/102] 已耗时 56.2min | 已新增 7354

=======================================================
📅 2019-07-01 ~ 2019-07-31
=======================================================
  总页数: 500 页, 每页 ~20 条
  → 50/499 页 (10%) | 新增 0 | 跳过 1000
  → 100/499 页 (20%) | 新增 0 | 跳过 2000
  → 150/499 页 (30%) | 新增 0 | 跳过 3000
  → 200/499 页 (40%) | 新增 0 | 跳过 4000
  → 250/499 页 (50%) | 新增 0 | 跳过 5000
  → 300/499 页 (60%) | 新增 0 | 跳过 6000
  → 350/499 页 (70%) | 新增 0 | 跳过 7000
  → 400/499 页 (80%) | 新增 0 | 跳过 8000
  → 450/499 页 (90%) | 新增 0 | 跳过 9000
  📊 完成: 新增 0, 跳过 9980, 扫描 500 页

📊 进度: 84/102 个月
   耗时: 56.8 min
   新增: 7,354 条
   速率: 7775 条/小时

[85/102] 已耗时 56.8min | 已新增 7354

=======================================================
📅 2019-06-01 ~ 2019-06-30
=======================================================
  总页数: 500 页, 每页 ~20 条
  → 50/499 页 (10%) | 新增 0 | 跳过 1000
  → 100/499 页 (20%) | 新增 0 | 跳过 2000
  → 150/499 页 (30%) | 新增 0 | 跳过 3000
  → 200/499 页 (40%) | 新增 0 | 跳过 4000
  → 250/499 页 (50%) | 新增 0 | 跳过 5000
  → 300/499 页 (60%) | 新增 0 | 跳过 6000
  → 350/499 页 (70%) | 新增 0 | 跳过 7000
  → 400/499 页 (80%) | 新增 0 | 跳过 8000
  → 450/499 页 (90%) | 新增 0 | 跳过 9000
  📊 完成: 新增 0, 跳过 9980, 扫描 500 页

[86/102] 已耗时 57.3min | 已新增 7354

=======================================================
📅 2019-05-01 ~ 2019-05-31
=======================================================
  总页数: 500 页, 每页 ~20 条
  → 50/499 页 (10%) | 新增 0 | 跳过 1000
  → 100/499 页 (20%) | 新增 0 | 跳过 2000
  → 150/499 页 (30%) | 新增 0 | 跳过 3000
  → 200/499 页 (40%) | 新增 0 | 跳过 4000
  → 250/499 页 (50%) | 新增 0 | 跳过 5000
  → 300/499 页 (60%) | 新增 0 | 跳过 6000
  → 350/499 页 (70%) | 新增 0 | 跳过 7000
  → 400/499 页 (80%) | 新增 0 | 跳过 8000
  → 450/499 页 (90%) | 新增 0 | 跳过 9000
  📊 完成: 新增 0, 跳过 9980, 扫描 500 页

[87/102] 已耗时 58.2min | 已新增 7354

=======================================================
📅 2019-04-01 ~ 2019-04-30
=======================================================
  总页数: 500 页, 每页 ~20 条
  → 50/499 页 (10%) | 新增 0 | 跳过 1000
  → 100/499 页 (20%) | 新增 0 | 跳过 2000
  → 150/499 页 (30%) | 新增 0 | 跳过 3000
  → 200/499 页 (40%) | 新增 0 | 跳过 4000
  → 250/499 页 (50%) | 新增 0 | 跳过 5000
  → 300/499 页 (60%) | 新增 0 | 跳过 6000
  → 350/499 页 (70%) | 新增 0 | 跳过 7000
  → 400/499 页 (80%) | 新增 0 | 跳过 8000
  → 450/499 页 (90%) | 新增 0 | 跳过 9000
  📊 完成: 新增 0, 跳过 9980, 扫描 500 页

📊 进度: 87/102 个月
   耗时: 58.9 min
   新增: 7,354 条
   速率: 7488 条/小时

[88/102] 已耗时 58.9min | 已新增 7354

=======================================================
📅 2019-03-01 ~ 2019-03-31
=======================================================
  总页数: 500 页, 每页 ~20 条
  → 50/499 页 (10%) | 新增 0 | 跳过 1000
  → 100/499 页 (20%) | 新增 0 | 跳过 2000
  → 150/499 页 (30%) | 新增 0 | 跳过 3000
  → 200/499 页 (40%) | 新增 0 | 跳过 4000
  → 250/499 页 (50%) | 新增 0 | 跳过 5000
  → 300/499 页 (60%) | 新增 0 | 跳过 6000
  → 350/499 页 (70%) | 新增 0 | 跳过 7000
  → 400/499 页 (80%) | 新增 0 | 跳过 8000
  → 450/499 页 (90%) | 新增 0 | 跳过 9000
  📊 完成: 新增 0, 跳过 9980, 扫描 500 页

[89/102] 已耗时 59.5min | 已新增 7354

=======================================================
📅 2019-02-01 ~ 2019-02-28
=======================================================
  总页数: 500 页, 每页 ~20 条
  → 50/499 页 (10%) | 新增 0 | 跳过 1000
  → 100/499 页 (20%) | 新增 0 | 跳过 2000
  → 150/499 页 (30%) | 新增 0 | 跳过 3000
  → 200/499 页 (40%) | 新增 0 | 跳过 4000
  → 250/499 页 (50%) | 新增 0 | 跳过 5000
  → 300/499 页 (60%) | 新增 0 | 跳过 6000
  → 350/499 页 (70%) | 新增 0 | 跳过 7000
  → 400/499 页 (80%) | 新增 0 | 跳过 8000
  → 450/499 页 (90%) | 新增 0 | 跳过 9000
  📊 完成: 新增 0, 跳过 9980, 扫描 500 页

[90/102] 已耗时 60.1min | 已新增 7354

=======================================================
📅 2019-01-01 ~ 2019-01-31
=======================================================
  总页数: 500 页, 每页 ~20 条
  → 50/499 页 (10%) | 新增 0 | 跳过 1000
  → 100/499 页 (20%) | 新增 0 | 跳过 2000
  → 150/499 页 (30%) | 新增 0 | 跳过 3000
  → 200/499 页 (40%) | 新增 0 | 跳过 4000
  → 250/499 页 (50%) | 新增 0 | 跳过 5000
  → 300/499 页 (60%) | 新增 0 | 跳过 6000
  → 350/499 页 (70%) | 新增 0 | 跳过 7000
  → 400/499 页 (80%) | 新增 0 | 跳过 8000
  → 450/499 页 (90%) | 新增 0 | 跳过 9000
  📊 完成: 新增 0, 跳过 9980, 扫描 500 页

📊 进度: 90/102 个月
   耗时: 60.7 min
   新增: 7,354 条
   速率: 7264 条/小时

[91/102] 已耗时 60.7min | 已新增 7354

=======================================================
📅 2018-12-01 ~ 2018-12-31
=======================================================
  总页数: 500 页, 每页 ~20 条
  → 50/499 页 (10%) | 新增 0 | 跳过 1000
  → 100/499 页 (20%) | 新增 0 | 跳过 2000
  → 150/499 页 (30%) | 新增 0 | 跳过 3000
  → 200/499 页 (40%) | 新增 0 | 跳过 4000
  → 250/499 页 (50%) | 新增 0 | 跳过 5000
  → 300/499 页 (60%) | 新增 0 | 跳过 6000
  → 350/499 页 (70%) | 新增 0 | 跳过 7000
  → 400/499 页 (80%) | 新增 0 | 跳过 8000
  → 450/499 页 (90%) | 新增 0 | 跳过 9000
  📊 完成: 新增 0, 跳过 9980, 扫描 500 页

[92/102] 已耗时 61.4min | 已新增 7354

=======================================================
📅 2018-11-01 ~ 2018-11-30
=======================================================
  总页数: 500 页, 每页 ~20 条
  → 50/499 页 (10%) | 新增 0 | 跳过 1000
  → 100/499 页 (20%) | 新增 0 | 跳过 2000
  → 150/499 页 (30%) | 新增 0 | 跳过 3000
  → 200/499 页 (40%) | 新增 0 | 跳过 4000
  → 250/499 页 (50%) | 新增 0 | 跳过 5000
  → 300/499 页 (60%) | 新增 0 | 跳过 6000
  → 350/499 页 (70%) | 新增 0 | 跳过 7000
  → 400/499 页 (80%) | 新增 0 | 跳过 8000
  → 450/499 页 (90%) | 新增 0 | 跳过 9000
  📊 完成: 新增 0, 跳过 9980, 扫描 500 页

[93/102] 已耗时 62.0min | 已新增 7354

=======================================================
📅 2018-10-01 ~ 2018-10-31
=======================================================
  总页数: 500 页, 每页 ~20 条
  → 50/499 页 (10%) | 新增 0 | 跳过 1000
  → 100/499 页 (20%) | 新增 0 | 跳过 2000
  → 150/499 页 (30%) | 新增 0 | 跳过 3000
  → 200/499 页 (40%) | 新增 0 | 跳过 4000
  → 250/499 页 (50%) | 新增 0 | 跳过 5000
  → 300/499 页 (60%) | 新增 0 | 跳过 6000
  → 350/499 页 (70%) | 新增 0 | 跳过 7000
  → 400/499 页 (80%) | 新增 0 | 跳过 8000
  → 450/499 页 (90%) | 新增 0 | 跳过 9000
  📊 完成: 新增 0, 跳过 9980, 扫描 500 页

📊 进度: 93/102 个月
   耗时: 62.6 min
   新增: 7,354 条
   速率: 7051 条/小时

[94/102] 已耗时 62.6min | 已新增 7354

=======================================================
📅 2018-09-01 ~ 2018-09-30
=======================================================
  总页数: 500 页, 每页 ~20 条
  → 50/499 页 (10%) | 新增 1 | 跳过 1000
  → 100/499 页 (20%) | 新增 1 | 跳过 2000
  → 150/499 页 (30%) | 新增 1 | 跳过 3000
  → 200/499 页 (40%) | 新增 1 | 跳过 4000
  → 250/499 页 (50%) | 新增 1 | 跳过 5000
  → 300/499 页 (60%) | 新增 1 | 跳过 6000
  → 350/499 页 (70%) | 新增 1 | 跳过 7000
  → 400/499 页 (80%) | 新增 1 | 跳过 8000
  → 450/499 页 (90%) | 新增 1 | 跳过 9000
  💾 已保存: 共 27502 条
  📊 完成: 新增 1, 跳过 9980, 扫描 500 页

[95/102] 已耗时 63.3min | 已新增 7355

=======================================================
📅 2018-08-01 ~ 2018-08-31
=======================================================
  总页数: 500 页, 每页 ~20 条
  → 50/499 页 (10%) | 新增 0 | 跳过 1000
  → 100/499 页 (20%) | 新增 0 | 跳过 2000
  → 150/499 页 (30%) | 新增 0 | 跳过 3000
  → 200/499 页 (40%) | 新增 0 | 跳过 4000
  → 250/499 页 (50%) | 新增 0 | 跳过 5000
  → 300/499 页 (60%) | 新增 0 | 跳过 6000
  → 350/499 页 (70%) | 新增 0 | 跳过 7000
  → 400/499 页 (80%) | 新增 0 | 跳过 8000
  → 450/499 页 (90%) | 新增 0 | 跳过 9000
  📊 完成: 新增 0, 跳过 9980, 扫描 500 页

[96/102] 已耗时 63.9min | 已新增 7355

=======================================================
📅 2018-07-01 ~ 2018-07-31
=======================================================
  总页数: 500 页, 每页 ~20 条
  → 50/499 页 (10%) | 新增 0 | 跳过 1000
  → 100/499 页 (20%) | 新增 0 | 跳过 2000
  → 150/499 页 (30%) | 新增 0 | 跳过 3000
  → 200/499 页 (40%) | 新增 0 | 跳过 4000
  → 250/499 页 (50%) | 新增 0 | 跳过 5000
  → 300/499 页 (60%) | 新增 0 | 跳过 6000
  → 350/499 页 (70%) | 新增 0 | 跳过 7000
  → 400/499 页 (80%) | 新增 0 | 跳过 8000
  → 450/499 页 (90%) | 新增 0 | 跳过 9000
  📊 完成: 新增 0, 跳过 9980, 扫描 500 页

📊 进度: 96/102 个月
   耗时: 64.5 min
   新增: 7,355 条
   速率: 6840 条/小时

[97/102] 已耗时 64.5min | 已新增 7355

=======================================================
📅 2018-06-01 ~ 2018-06-30
=======================================================
  总页数: 500 页, 每页 ~20 条
  → 50/499 页 (10%) | 新增 0 | 跳过 1000
  → 100/499 页 (20%) | 新增 0 | 跳过 2000
  → 150/499 页 (30%) | 新增 0 | 跳过 3000
  → 200/499 页 (40%) | 新增 0 | 跳过 4000
  → 250/499 页 (50%) | 新增 0 | 跳过 5000
  → 300/499 页 (60%) | 新增 0 | 跳过 6000
  → 350/499 页 (70%) | 新增 0 | 跳过 7000
  → 400/499 页 (80%) | 新增 0 | 跳过 8000
  → 450/499 页 (90%) | 新增 0 | 跳过 9000
  📊 完成: 新增 0, 跳过 9980, 扫描 500 页

[98/102] 已耗时 65.1min | 已新增 7355

=======================================================
📅 2018-05-01 ~ 2018-05-31
=======================================================
  总页数: 500 页, 每页 ~20 条
  → 50/499 页 (10%) | 新增 0 | 跳过 1000
  → 100/499 页 (20%) | 新增 0 | 跳过 2000
  → 150/499 页 (30%) | 新增 0 | 跳过 3000
  → 200/499 页 (40%) | 新增 0 | 跳过 4000
  → 250/499 页 (50%) | 新增 0 | 跳过 5000
  → 300/499 页 (60%) | 新增 0 | 跳过 6000
  → 350/499 页 (70%) | 新增 0 | 跳过 7000
  → 400/499 页 (80%) | 新增 0 | 跳过 8000
  → 450/499 页 (90%) | 新增 0 | 跳过 9000
  📊 完成: 新增 0, 跳过 9980, 扫描 500 页

[99/102] 已耗时 65.7min | 已新增 7355

=======================================================
📅 2018-04-01 ~ 2018-04-30
=======================================================
  总页数: 500 页, 每页 ~20 条
  → 50/499 页 (10%) | 新增 0 | 跳过 1000
  → 100/499 页 (20%) | 新增 0 | 跳过 2000
  → 150/499 页 (30%) | 新增 0 | 跳过 3000
  → 200/499 页 (40%) | 新增 0 | 跳过 4000
  → 250/499 页 (50%) | 新增 0 | 跳过 5000
  → 300/499 页 (60%) | 新增 0 | 跳过 6000
  → 350/499 页 (70%) | 新增 0 | 跳过 7000
  → 400/499 页 (80%) | 新增 0 | 跳过 8000
  → 450/499 页 (90%) | 新增 0 | 跳过 9000
  📊 完成: 新增 0, 跳过 9980, 扫描 500 页

📊 进度: 99/102 个月
   耗时: 66.3 min
   新增: 7,355 条
   速率: 6654 条/小时

[100/102] 已耗时 66.3min | 已新增 7355

=======================================================
📅 2018-03-01 ~ 2018-03-31
=======================================================
  总页数: 500 页, 每页 ~20 条
  → 50/499 页 (10%) | 新增 0 | 跳过 1000
  → 100/499 页 (20%) | 新增 0 | 跳过 2000
  → 150/499 页 (30%) | 新增 0 | 跳过 3000
  → 200/499 页 (40%) | 新增 0 | 跳过 4000
  → 250/499 页 (50%) | 新增 0 | 跳过 5000
  → 300/499 页 (60%) | 新增 0 | 跳过 6000
  → 350/499 页 (70%) | 新增 0 | 跳过 7000
  → 400/499 页 (80%) | 新增 0 | 跳过 8000
  → 450/499 页 (90%) | 新增 0 | 跳过 9000
  📊 完成: 新增 0, 跳过 9980, 扫描 500 页

[101/102] 已耗时 66.9min | 已新增 7355

=======================================================
📅 2018-02-01 ~ 2018-02-28
=======================================================
  总页数: 500 页, 每页 ~20 条
  → 50/499 页 (10%) | 新增 0 | 跳过 1000
  → 100/499 页 (20%) | 新增 0 | 跳过 2000
  → 150/499 页 (30%) | 新增 0 | 跳过 3000
  → 200/499 页 (40%) | 新增 0 | 跳过 4000
  → 250/499 页 (50%) | 新增 0 | 跳过 5000
  → 300/499 页 (60%) | 新增 0 | 跳过 6000
  → 350/499 页 (70%) | 新增 0 | 跳过 7000
  → 400/499 页 (80%) | 新增 0 | 跳过 8000
  → 450/499 页 (90%) | 新增 0 | 跳过 9000
  📊 完成: 新增 0, 跳过 9980, 扫描 500 页

[102/102] 已耗时 67.5min | 已新增 7355

=======================================================
📅 2018-01-01 ~ 2018-01-31
=======================================================
  总页数: 500 页, 每页 ~20 条
  → 50/499 页 (10%) | 新增 0 | 跳过 1000
  → 100/499 页 (20%) | 新增 0 | 跳过 2000
  → 150/499 页 (30%) | 新增 0 | 跳过 3000
  → 200/499 页 (40%) | 新增 0 | 跳过 4000
  → 250/499 页 (50%) | 新增 0 | 跳过 5000
  → 300/499 页 (60%) | 新增 0 | 跳过 6000
  → 350/499 页 (70%) | 新增 0 | 跳过 7000
  → 400/499 页 (80%) | 新增 0 | 跳过 8000
  → 450/499 页 (90%) | 新增 0 | 跳过 9000
  📊 完成: 新增 0, 跳过 9980, 扫描 500 页

📊 进度: 102/102 个月
   耗时: 68.1 min
   新增: 7,355 条
   速率: 6477 条/小时

=======================================================
✅ 全量扫描完成!
   新增: 7,355 条
   总计: 27,502 条
   总耗时: 68.1 min

📈 月份分布 (前10):
   2026-06: 7,169 条
   2026-05: 20,333 条
