[Wed Jun  3 09:00:01 AM CST 2026] cebpub_bulk 开始
🚀 cebpub 批量高速爬虫启动
   日期范围: 2026-05-27 ~ 2026-06-03
   分类: 更正公告, 中标结果, 中标候选人, 资格预审
   模式: 元数据快速爬取（跳过PDF）
   已有标讯: 60509 条

==================================================
分类: 更正公告 (89)
日期: 2026-05-27 ~ 2026-06-03
==================================================
  共 500 页，每页 ~20 条
  → 第102页 | 已扫描100/500 | 新增2 | 跳过1980
  → 第201页 | 已扫描200/500 | 新增2 | 跳过3980
  → 第301页 | 已扫描300/500 | 新增2 | 跳过5980
  → 第398页 | 已扫描400/500 | 新增2 | 跳过7980
  → 第500页 | 已扫描500/500 | 新增2 | 跳过9980
  💾 已保存（共60511条）

  📊 更正公告完成: 新增2, 跳过9980, 扫描500页

==================================================
分类: 中标结果 (90)
日期: 2026-05-27 ~ 2026-06-03
==================================================
  共 500 页，每页 ~20 条
  → 第98页 | 已扫描100/500 | 新增318 | 跳过1682
  → 第199页 | 已扫描200/500 | 新增331 | 跳过3669
  → 第301页 | 已扫描300/500 | 新增331 | 跳过5669
  → 第398页 | 已扫描400/500 | 新增331 | 跳过7669
  → 第496页 | 已扫描500/500 | 新增331 | 跳过9669
  💾 已保存（共60842条）

  📊 中标结果完成: 新增331, 跳过9669, 扫描500页

==================================================
分类: 中标候选人 (91)
日期: 2026-05-27 ~ 2026-06-03
==================================================
  共 500 页，每页 ~20 条
  → 第100页 | 已扫描100/500 | 新增94 | 跳过1906
  → 第204页 | 已扫描200/500 | 新增94 | 跳过3906
  → 第298页 | 已扫描300/500 | 新增94 | 跳过5906
  → 第398页 | 已扫描400/500 | 新增94 | 跳过7906
  → 第497页 | 已扫描500/500 | 新增94 | 跳过9906
  💾 已保存（共60936条）

  📊 中标候选人完成: 新增94, 跳过9906, 扫描500页

==================================================
分类: 资格预审 (92)
日期: 2026-05-27 ~ 2026-06-03
==================================================
  共 151 页，每页 ~20 条
  → 第101页 | 已扫描100/151 | 新增0 | 跳过1980

  📊 资格预审完成: 新增0, 跳过2981, 扫描151页

✅ 全部完成: 新增 427 条, 总计 60936 条
   更新 todayCount=True 条今日数据
[Wed Jun  3 09:20:04 AM CST 2026] cebpub_bulk 完成
[Wed Jun  3 01:00:01 PM CST 2026] cebpub_bulk 开始
🚀 cebpub 批量高速爬虫启动
   日期范围: 2026-05-27 ~ 2026-06-03
   分类: 更正公告, 中标结果, 中标候选人, 资格预审
   模式: 元数据快速爬取（跳过PDF）
   已有标讯: 61352 条

==================================================
分类: 更正公告 (89)
日期: 2026-05-27 ~ 2026-06-03
==================================================
  共 500 页，每页 ~20 条
  → 第97页 | 已扫描100/500 | 新增244 | 跳过1756
  → 第204页 | 已扫描200/500 | 新增244 | 跳过3756
  → 第298页 | 已扫描300/500 | 新增244 | 跳过5756
  → 第397页 | 已扫描400/500 | 新增244 | 跳过7756
  → 第500页 | 已扫描500/500 | 新增244 | 跳过9756
  💾 已保存（共61596条）

  📊 更正公告完成: 新增244, 跳过9756, 扫描500页

==================================================
分类: 中标结果 (90)
日期: 2026-05-27 ~ 2026-06-03
==================================================
  共 500 页，每页 ~20 条
  → 第101页 | 已扫描100/500 | 新增600 | 跳过1400
  → 第198页 | 已扫描200/500 | 新增601 | 跳过3399
  → 第299页 | 已扫描300/500 | 新增601 | 跳过5399
  → 第403页 | 已扫描400/500 | 新增601 | 跳过7399
  → 第497页 | 已扫描500/500 | 新增601 | 跳过9399
  💾 已保存（共62197条）

  📊 中标结果完成: 新增601, 跳过9399, 扫描500页

==================================================
分类: 中标候选人 (91)
日期: 2026-05-27 ~ 2026-06-03
==================================================
  共 500 页，每页 ~20 条
  → 第101页 | 已扫描100/500 | 新增265 | 跳过1735
  → 第200页 | 已扫描200/500 | 新增265 | 跳过3735
  → 第301页 | 已扫描300/500 | 新增265 | 跳过5735
  → 第401页 | 已扫描400/500 | 新增265 | 跳过7735
  → 第499页 | 已扫描500/500 | 新增265 | 跳过9735
  💾 已保存（共62462条）

  📊 中标候选人完成: 新增265, 跳过9735, 扫描500页

==================================================
分类: 资格预审 (92)
日期: 2026-05-27 ~ 2026-06-03
==================================================
  共 149 页，每页 ~20 条
  → 第100页 | 已扫描100/149 | 新增5 | 跳过1980
  💾 已保存（共62467条）

  📊 资格预审完成: 新增5, 跳过2958, 扫描149页

✅ 全部完成: 新增 1115 条, 总计 62467 条
   更新 todayCount=True 条今日数据
[Wed Jun  3 01:09:37 PM CST 2026] cebpub_bulk 完成
[Wed Jun  3 09:00:01 PM CST 2026] cebpub_bulk 开始
🚀 cebpub 批量高速爬虫启动
   日期范围: 2026-05-27 ~ 2026-06-03
   分类: 更正公告, 中标结果, 中标候选人, 资格预审
   模式: 元数据快速爬取（跳过PDF）
   已有标讯: 62467 条

==================================================
分类: 更正公告 (89)
日期: 2026-05-27 ~ 2026-06-03
==================================================
  共 500 页，每页 ~20 条
  → 第99页 | 已扫描100/500 | 新增543 | 跳过1457
  → 第200页 | 已扫描200/500 | 新增544 | 跳过3456
  → 第302页 | 已扫描300/500 | 新增544 | 跳过5456
  → 第398页 | 已扫描400/500 | 新增544 | 跳过7456
  → 第500页 | 已扫描500/500 | 新增544 | 跳过9456
  💾 已保存（共63011条）

  📊 更正公告完成: 新增544, 跳过9456, 扫描500页

==================================================
分类: 中标结果 (90)
日期: 2026-05-27 ~ 2026-06-03
==================================================
  共 500 页，每页 ~20 条
  → 第99页 | 已扫描100/500 | 新增1571 | 跳过429
  → 第198页 | 已扫描200/500 | 新增1586 | 跳过2414
  → 第299页 | 已扫描300/500 | 新增1586 | 跳过4414
  → 第401页 | 已扫描400/500 | 新增1586 | 跳过6414
  → 第500页 | 已扫描500/500 | 新增1586 | 跳过8414
  💾 已保存（共64597条）

  📊 中标结果完成: 新增1586, 跳过8414, 扫描500页

==================================================
分类: 中标候选人 (91)
日期: 2026-05-27 ~ 2026-06-03
==================================================
  共 500 页，每页 ~20 条
  → 第99页 | 已扫描100/500 | 新增929 | 跳过1071
  → 第199页 | 已扫描200/500 | 新增929 | 跳过3071
  → 第300页 | 已扫描300/500 | 新增929 | 跳过5071
  → 第401页 | 已扫描400/500 | 新增929 | 跳过7071
  → 第497页 | 已扫描500/500 | 新增929 | 跳过9071
  💾 已保存（共65526条）

  📊 中标候选人完成: 新增929, 跳过9071, 扫描500页

==================================================
分类: 资格预审 (92)
日期: 2026-05-27 ~ 2026-06-03
==================================================
  共 147 页，每页 ~20 条
  → 第102页 | 已扫描100/147 | 新增23 | 跳过1977
  💾 已保存（共65549条）

  📊 资格预审完成: 新增23, 跳过2917, 扫描147页

✅ 全部完成: 新增 3082 条, 总计 65549 条
   更新 todayCount=True 条今日数据
[Wed Jun  3 09:05:36 PM CST 2026] cebpub_bulk 完成
[Thu Jun  4 09:00:01 AM CST 2026] cebpub_bulk 开始
🚀 cebpub 批量高速爬虫启动
   日期范围: 2026-05-28 ~ 2026-06-04
   分类: 更正公告, 中标结果, 中标候选人, 资格预审
   模式: 元数据快速爬取（跳过PDF）
   已有标讯: 65549 条

==================================================
分类: 更正公告 (89)
日期: 2026-05-28 ~ 2026-06-04
==================================================
  共 500 页，每页 ~20 条
  → 第100页 | 已扫描100/500 | 新增29 | 跳过1971
  → 第202页 | 已扫描200/500 | 新增29 | 跳过3971
  → 第302页 | 已扫描300/500 | 新增29 | 跳过5971
  → 第400页 | 已扫描400/500 | 新增29 | 跳过7971
  → 第499页 | 已扫描500/500 | 新增29 | 跳过9971
  💾 已保存（共65578条）

  📊 更正公告完成: 新增29, 跳过9971, 扫描500页

==================================================
分类: 中标结果 (90)
日期: 2026-05-28 ~ 2026-06-04
==================================================
  共 500 页，每页 ~20 条
  → 第102页 | 已扫描100/500 | 新增243 | 跳过1757
  → 第201页 | 已扫描200/500 | 新增256 | 跳过3744
  → 第302页 | 已扫描300/500 | 新增256 | 跳过5744
  → 第399页 | 已扫描400/500 | 新增256 | 跳过7744
  → 第498页 | 已扫描500/500 | 新增256 | 跳过9744
  💾 已保存（共65834条）

  📊 中标结果完成: 新增256, 跳过9744, 扫描500页

==================================================
分类: 中标候选人 (91)
日期: 2026-05-28 ~ 2026-06-04
==================================================
  共 500 页，每页 ~20 条
  → 第97页 | 已扫描100/500 | 新增186 | 跳过1814
  → 第200页 | 已扫描200/500 | 新增186 | 跳过3814
  → 第297页 | 已扫描300/500 | 新增186 | 跳过5814
  → 第400页 | 已扫描400/500 | 新增186 | 跳过7814
  → 第499页 | 已扫描500/500 | 新增186 | 跳过9814
  💾 已保存（共66020条）

  📊 中标候选人完成: 新增186, 跳过9814, 扫描500页

==================================================
分类: 资格预审 (92)
日期: 2026-05-28 ~ 2026-06-04
==================================================
  共 148 页，每页 ~20 条
  → 第100页 | 已扫描100/148 | 新增22 | 跳过1968
  💾 已保存（共66042条）

  📊 资格预审完成: 新增22, 跳过2925, 扫描148页

✅ 全部完成: 新增 493 条, 总计 66042 条
   更新 todayCount=True 条今日数据
[Thu Jun  4 09:17:42 AM CST 2026] cebpub_bulk 完成
[Thu Jun  4 01:00:01 PM CST 2026] cebpub_bulk 开始
🚀 cebpub 批量高速爬虫启动
   日期范围: 2026-05-28 ~ 2026-06-04
   分类: 更正公告, 中标结果, 中标候选人, 资格预审
   模式: 元数据快速爬取（跳过PDF）
   已有标讯: 69793 条

==================================================
分类: 更正公告 (89)
日期: 2026-05-28 ~ 2026-06-04
==================================================
  共 500 页，每页 ~20 条
  → 第97页 | 已扫描100/500 | 新增242 | 跳过1758
  → 第199页 | 已扫描200/500 | 新增242 | 跳过3758
  → 第303页 | 已扫描300/500 | 新增242 | 跳过5758
  → 第399页 | 已扫描400/500 | 新增242 | 跳过7758
  → 第499页 | 已扫描500/500 | 新增242 | 跳过9758
  💾 已保存（共70035条）

  📊 更正公告完成: 新增242, 跳过9758, 扫描500页

==================================================
分类: 中标结果 (90)
日期: 2026-05-28 ~ 2026-06-04
==================================================
  共 500 页，每页 ~20 条
  → 第99页 | 已扫描100/500 | 新增591 | 跳过1409
  → 第202页 | 已扫描200/500 | 新增591 | 跳过3409
  → 第301页 | 已扫描300/500 | 新增591 | 跳过5409
  → 第397页 | 已扫描400/500 | 新增591 | 跳过7409
  → 第499页 | 已扫描500/500 | 新增591 | 跳过9409
  💾 已保存（共70626条）

  📊 中标结果完成: 新增591, 跳过9409, 扫描500页

==================================================
分类: 中标候选人 (91)
日期: 2026-05-28 ~ 2026-06-04
==================================================
  共 500 页，每页 ~20 条
  → 第99页 | 已扫描100/500 | 新增318 | 跳过1682
  → 第197页 | 已扫描200/500 | 新增318 | 跳过3682
  → 第303页 | 已扫描300/500 | 新增318 | 跳过5682
  → 第402页 | 已扫描400/500 | 新增319 | 跳过7681
  → 第500页 | 已扫描500/500 | 新增319 | 跳过9681
  💾 已保存（共70945条）

  📊 中标候选人完成: 新增319, 跳过9681, 扫描500页

==================================================
分类: 资格预审 (92)
日期: 2026-05-28 ~ 2026-06-04
==================================================
  共 149 页，每页 ~20 条
  → 第95页 | 已扫描100/149 | 新增7 | 跳过1980
  💾 已保存（共70952条）

  📊 资格预审完成: 新增7, 跳过2941, 扫描149页

✅ 全部完成: 新增 1159 条, 总计 70952 条
   更新 todayCount=True 条今日数据
[Thu Jun  4 01:11:55 PM CST 2026] cebpub_bulk 完成
[Thu Jun  4 09:00:01 PM CST 2026] cebpub_bulk 开始
🚀 cebpub 批量高速爬虫启动
   日期范围: 2026-05-28 ~ 2026-06-04
   分类: 更正公告, 中标结果, 中标候选人, 资格预审
   模式: 元数据快速爬取（跳过PDF）
   已有标讯: 70952 条

==================================================
分类: 更正公告 (89)
日期: 2026-05-28 ~ 2026-06-04
==================================================
  共 500 页，每页 ~20 条
  → 第100页 | 已扫描100/500 | 新增500 | 跳过1500
  → 第198页 | 已扫描200/500 | 新增500 | 跳过3500
  → 第299页 | 已扫描300/500 | 新增500 | 跳过5500
  → 第400页 | 已扫描400/500 | 新增500 | 跳过7500
  → 第500页 | 已扫描500/500 | 新增500 | 跳过9500
  💾 已保存（共71452条）

  📊 更正公告完成: 新增500, 跳过9500, 扫描500页

==================================================
分类: 中标结果 (90)
日期: 2026-05-28 ~ 2026-06-04
==================================================
  共 500 页，每页 ~20 条
  → 第102页 | 已扫描100/500 | 新增1031 | 跳过969
  → 第199页 | 已扫描200/500 | 新增1031 | 跳过2969
  → 第301页 | 已扫描300/500 | 新增1031 | 跳过4969
  → 第400页 | 已扫描400/500 | 新增1031 | 跳过6969
  → 第500页 | 已扫描500/500 | 新增1031 | 跳过8969
  💾 已保存（共72483条）

  📊 中标结果完成: 新增1031, 跳过8969, 扫描500页

==================================================
分类: 中标候选人 (91)
日期: 2026-05-28 ~ 2026-06-04
==================================================
  共 500 页，每页 ~20 条
  → 第101页 | 已扫描100/500 | 新增894 | 跳过1106
  → 第201页 | 已扫描200/500 | 新增894 | 跳过3106
  → 第300页 | 已扫描300/500 | 新增894 | 跳过5106
  → 第400页 | 已扫描400/500 | 新增894 | 跳过7106
  → 第500页 | 已扫描500/500 | 新增894 | 跳过9106
  💾 已保存（共73377条）

  📊 中标候选人完成: 新增894, 跳过9106, 扫描500页

==================================================
分类: 资格预审 (92)
日期: 2026-05-28 ~ 2026-06-04
==================================================
  共 150 页，每页 ~20 条
  → 第100页 | 已扫描100/150 | 新增23 | 跳过1977
  💾 已保存（共73400条）

  📊 资格预审完成: 新增23, 跳过2959, 扫描150页

✅ 全部完成: 新增 2448 条, 总计 73400 条
   更新 todayCount=True 条今日数据
[Thu Jun  4 09:05:09 PM CST 2026] cebpub_bulk 完成
[Fri Jun  5 09:00:21 AM CST 2026] cebpub_bulk 开始
[Fri Jun  5 09:30:27 AM CST 2026] cebpub_bulk 完成
[Fri Jun  5 01:00:01 PM CST 2026] cebpub_bulk 开始
🚀 cebpub 批量高速爬虫启动
   日期范围: 2026-05-29 ~ 2026-06-05
   分类: 更正公告, 中标结果, 中标候选人, 资格预审
   模式: 元数据快速爬取（跳过PDF）
   已有标讯: 73400 条

==================================================
分类: 更正公告 (89)
日期: 2026-05-29 ~ 2026-06-05
==================================================
  共 500 页，每页 ~20 条
  → 第98页 | 已扫描100/500 | 新增291 | 跳过1709
  → 第200页 | 已扫描200/500 | 新增291 | 跳过3709
  → 第301页 | 已扫描300/500 | 新增291 | 跳过5709
  → 第398页 | 已扫描400/500 | 新增291 | 跳过7709
  → 第499页 | 已扫描500/500 | 新增291 | 跳过9709
  💾 已保存（共73691条）

  📊 更正公告完成: 新增291, 跳过9709, 扫描500页

==================================================
分类: 中标结果 (90)
日期: 2026-05-29 ~ 2026-06-05
==================================================
  共 500 页，每页 ~20 条
  → 第102页 | 已扫描100/500 | 新增924 | 跳过1076
  → 第200页 | 已扫描200/500 | 新增928 | 跳过3072
  → 第302页 | 已扫描300/500 | 新增928 | 跳过5072
  → 第401页 | 已扫描400/500 | 新增928 | 跳过7072
  → 第500页 | 已扫描500/500 | 新增928 | 跳过9072
  💾 已保存（共74619条）

  📊 中标结果完成: 新增928, 跳过9072, 扫描500页

==================================================
分类: 中标候选人 (91)
日期: 2026-05-29 ~ 2026-06-05
==================================================
  共 500 页，每页 ~20 条
  → 第99页 | 已扫描100/500 | 新增471 | 跳过1529
  → 第200页 | 已扫描200/500 | 新增471 | 跳过3529
  → 第299页 | 已扫描300/500 | 新增471 | 跳过5529
  → 第396页 | 已扫描400/500 | 新增471 | 跳过7529
  → 第497页 | 已扫描500/500 | 新增471 | 跳过9529
  💾 已保存（共75090条）

  📊 中标候选人完成: 新增471, 跳过9529, 扫描500页

==================================================
分类: 资格预审 (92)
日期: 2026-05-29 ~ 2026-06-05
==================================================
  共 151 页，每页 ~20 条
  → 第99页 | 已扫描100/151 | 新增31 | 跳过1962
  💾 已保存（共75121条）

  📊 资格预审完成: 新增31, 跳过2973, 扫描151页

✅ 全部完成: 新增 1721 条, 总计 75121 条
   更新 todayCount=True 条今日数据
[Fri Jun  5 01:07:06 PM CST 2026] cebpub_bulk 完成
