[2026-05-31 14:17:41] ==================================================
[2026-05-31 14:17:41] 核心平台爬取开始 (国家级+省级公共资源+省级政府采购)
[2026-05-31 14:17:41] ==================================================
[2026-05-31 14:17:41] 目标平台: 67 个
[2026-05-31 14:17:41] 
[1/67] 甘肃公共资源交易中心 (甘肃) - http://ggzyjy.gansu.gov.cn/
[2026-05-31 14:17:41]   ✗ 失败: HTTP Error 412: Precondition Failed
[2026-05-31 14:17:41] 
[2/67] 中国政府采购网甘肃站 (甘肃) - https://www.ccgp-gansu.gov.cn
[2026-05-31 14:17:41]   找到 0 条，取 0 条
[2026-05-31 14:17:41]   完成: 新增 0 条
[2026-05-31 14:17:42] 
[3/67] 宁夏公共资源交易中心 (宁夏) - https://ggzyjy.fzggw.nx.gov.cn/
[2026-05-31 14:17:42]   找到 63 条，取 30 条
[2026-05-31 14:17:55]   完成: 新增 0 条
[2026-05-31 14:17:55] 
[4/67] 中国政府采购网宁夏站 (宁夏) - https://www.ccgp-ningxia.gov.cn
[2026-05-31 14:17:56]   找到 4 条，取 4 条
[2026-05-31 14:17:58]   完成: 新增 0 条
[2026-05-31 14:17:59] 
[5/67] 北京公共资源交易中心 (北京) - https://ggzyfw.beijing.gov.cn/
[2026-05-31 14:17:59]   ✗ 失败: <urlopen error [SSL: BAD_ECPOINT] bad ecpoint (_ssl.c:1007)>
[2026-05-31 14:18:00] 
[6/67] 中国政府采购网北京站 (北京) - http://www.ccgp-beijing.gov.cn/
[2026-05-31 14:18:00]   找到 76 条，取 30 条
[2026-05-31 14:18:00]     ✓ 《北京市财政局关于转发财政部在政府采购中...
[2026-05-31 14:18:00]     ✓ 北京市财政局关于转发财政部在政府采购中实...
[2026-05-31 14:18:01]     ✓ 北京市财政局关于公开征求《北京市政府采购...
[2026-05-31 14:18:01]     ✓ 财政部办公厅关于印发 《政府采购房屋租赁...
[2026-05-31 14:18:01]     ✓ 财政部：今年政府采购主要做好三件事
[2026-05-31 14:18:12]   完成: 新增 28 条
[2026-05-31 14:18:12] 
[7/67] 中国政府采购网河北站 (河北) - https://www.ccgp-hebei.gov.cn
[2026-05-31 14:18:13]   找到 0 条，取 0 条
[2026-05-31 14:18:13]   完成: 新增 0 条
[2026-05-31 14:18:14] 
[8/67] 河北公共资源交易中心 (河北) - http://www.hebpr.cn/
[2026-05-31 14:18:14]   找到 9 条，取 9 条
[2026-05-31 14:18:19]   完成: 新增 0 条
[2026-05-31 14:18:19] 
[9/67] 中国政府采购网山西站 (山西) - http://zfcg.czt.shanxi.gov.cn/
[2026-05-31 14:18:20]   找到 0 条，取 0 条
[2026-05-31 14:18:20]   完成: 新增 0 条
[2026-05-31 14:18:20] 
[10/67] 山西公共资源交易中心 (山西) - https://prec.sxzwfw.gov.cn/
[2026-05-31 14:18:21]   找到 231 条，取 30 条
[2026-05-31 14:18:43]   完成: 新增 0 条
[2026-05-31 14:18:43] 
[11/67] 内蒙古公共资源交易中心 (内蒙古) - https://ggzyjy.nmg.gov.cn/
[2026-05-31 14:18:45]   找到 24 条，取 24 条
[2026-05-31 14:19:19]   完成: 新增 0 条
[2026-05-31 14:19:19] 
[12/67] 辽宁公共资源交易中心 (辽宁) - http://www.lnggzy.gov.cn/
[2026-05-31 14:19:20]   找到 0 条，取 0 条
[2026-05-31 14:19:20]   完成: 新增 0 条
[2026-05-31 14:19:20] 
[13/67] 中国政府采购网辽宁站 (辽宁) - http://www.ccgp-liaoning.gov.cn/
[2026-05-31 14:19:20]   找到 0 条，取 0 条
[2026-05-31 14:19:20]   完成: 新增 0 条
[2026-05-31 14:19:21] 
[14/67] 吉林公共资源交易中心 (吉林) - http://ggzy.jl.gov.cn/
[2026-05-31 14:19:21]   ✗ 失败: <urlopen error [Errno -2] Name or service not known>
[2026-05-31 14:19:21] 
[15/67] 中国政府采购网吉林站 (吉林) - http://www.ccgp-jilin.gov.cn/
[2026-05-31 14:19:21]   找到 0 条，取 0 条
[2026-05-31 14:19:21]   完成: 新增 0 条
[2026-05-31 14:19:22] 
[16/67] 黑龙江公共资源交易中心 (黑龙江) - http://ggzy.hlj.gov.cn/
[2026-05-31 14:19:37]   ✗ 失败: <urlopen error timed out>
[2026-05-31 14:19:37] 
[17/67] 黑龙江政府采购 (黑龙江) - http://hljcg.hlj.gov.cn/
[2026-05-31 14:19:37]   找到 0 条，取 0 条
[2026-05-31 14:19:37]   完成: 新增 0 条
[2026-05-31 14:19:38] 
[18/67] 上海公共资源交易中心 (上海) - https://www.shggzy.com/
[2026-05-31 14:19:38]   找到 0 条，取 0 条
[2026-05-31 14:19:38]   完成: 新增 0 条
[2026-05-31 14:19:39] 
[19/67] 中国政府采购网上海站 (上海) - http://www.zfcg.sh.gov.cn/
[2026-05-31 14:19:39]   找到 0 条，取 0 条
[2026-05-31 14:19:39]   完成: 新增 0 条
[2026-05-31 14:19:40] 
[20/67] 江苏公共资源交易中心 (江苏) - http://jsggzy.jszwfw.gov.cn/
[2026-05-31 14:19:40]   找到 3 条，取 3 条
[2026-05-31 14:19:41]   完成: 新增 0 条
[2026-05-31 14:19:41] 
[21/67] 中国政府采购网江苏站 (江苏) - http://www.ccgp-jiangsu.gov.cn/
[2026-05-31 14:19:41]   找到 39 条，取 30 条
[2026-05-31 14:19:42]     ✓ 关于江苏省党政机关、事业单位及团体组织新能源汽车框架协议采购项目延期的通知
[2026-05-31 14:19:42]     ✓ 关于江苏省党政机关、事业单位及团体组织服务器框架协议采购（2026年度第一期）项目征求意见的公告
[2026-05-31 14:19:42]     ✓ 《关于做好政府采购小微企业价格评审优惠政策落实工作的通知（征求意见稿）》向社会公开征求意见
[2026-05-31 14:19:43]     ✓ 关于对2026年度江苏省党政机关、事业单位及团体组织空调框架协议采购征集意见的通知
[2026-05-31 14:19:43]     ✓ 关于贯彻落实《国务院办公厅关于在政府采购中实施本国产品标准及相关政策的通知》的意见
[2026-05-31 14:19:53]   完成: 新增 29 条
[2026-05-31 14:19:53] 
[22/67] 浙江公共资源交易中心 (浙江) - https://ggzy.zj.gov.cn/
[2026-05-31 14:19:54]   找到 36 条，取 30 条
[2026-05-31 14:20:04]   完成: 新增 0 条
[2026-05-31 14:20:04] 
[23/67] 浙江政府采购网 (浙江) - https://zfcg.czt.zj.gov.cn/
[2026-05-31 14:20:04]   找到 0 条，取 0 条
[2026-05-31 14:20:04]   完成: 新增 0 条
[2026-05-31 14:20:05] 
[24/67] 安徽公共资源交易中心 (安徽) - http://ggzy.ah.gov.cn/
[2026-05-31 14:20:06]   找到 0 条，取 0 条
[2026-05-31 14:20:06]   完成: 新增 0 条
[2026-05-31 14:20:06] 
[25/67] 中国政府采购网安徽站 (安徽) - https://www.ccgp-anhui.gov.cn
[2026-05-31 14:20:07]   找到 0 条，取 0 条
[2026-05-31 14:20:07]   完成: 新增 0 条
[2026-05-31 14:20:07] 
[26/67] 中国政府采购网福建站 (福建) - https://zfcg.czt.fujian.gov.cn/maincms-web/
[2026-05-31 14:20:07]   找到 0 条，取 0 条
[2026-05-31 14:20:07]   完成: 新增 0 条
[2026-05-31 14:20:08] 
[27/67] 福建公共资源交易中心 (福建) - https://ggzyfw.fujian.gov.cn/
[2026-05-31 14:20:08]   找到 0 条，取 0 条
[2026-05-31 14:20:08]   完成: 新增 0 条
[2026-05-31 14:20:09] 
[28/67] 河南公共资源交易中心 (河南) - https://hnsggzyjy.henan.gov.cn/
[2026-05-31 14:20:09]   ✗ 失败: <urlopen error [SSL: SSLV3_ALERT_HANDSHAKE_FAILURE] sslv3 alert handshake failur
[2026-05-31 14:20:09] 
[29/67] 中国政府采购网河南站 (河南) - https://zfcg.henan.gov.cn/henan
[2026-05-31 14:20:09]   找到 175 条，取 30 条
[2026-05-31 14:20:23]   完成: 新增 0 条
[2026-05-31 14:20:23] 
[30/67] 中国政府采购网湖北站 (湖北) - https://www.ccgp-hubei.gov.cn
[2026-05-31 14:20:24]   找到 140 条，取 30 条
[2026-05-31 14:20:43]   完成: 新增 0 条
[2026-05-31 14:20:43] 
[31/67] 湖北公共资源交易中心 (湖北) - https://www.hbggzy.cn
[2026-05-31 14:20:44]   找到 87 条，取 30 条
[2026-05-31 14:20:44]     ✓ 关于全面推进房屋建筑和市政基础设施工程招标投标评定分离改革的通知11-19
[2026-05-31 14:20:45]     ✓ 黄梅县2026年高标准农田建设项目(HBHM-202605SL-007)项目报建公告2026-05-
[2026-05-31 14:20:45]     ✓ 随州市曾都区烈山大道（汉东路至解放路段）慢行系统改造项目工程总承包（EPC）(HBZD-202605
[2026-05-31 14:20:46]     ✓ 石首市走马岭遗址保护展示项目-屯子山城址东城垣本体保护与展示工程(JZSS-202605QT-003
[2026-05-31 14:20:46]     ✓ 湖北三峡职业技术学院智慧校园数字化转型（二期）项目(A4200002714002434)项目报建公告
[2026-05-31 14:20:57]   完成: 新增 29 条
[2026-05-31 14:20:57] 
[32/67] 湖南公共资源交易中心 (湖南) - https://www.hnsggzy.com/
[2026-05-31 14:20:58]   找到 0 条，取 0 条
[2026-05-31 14:20:58]   完成: 新增 0 条
[2026-05-31 14:20:58] 
[33/67] 中国政府采购网湖南站 (湖南) - http://www.ccgp-hunan.gov.cn/
[2026-05-31 14:20:58]   找到 0 条，取 0 条
[2026-05-31 14:20:58]   完成: 新增 0 条
[2026-05-31 14:20:59] 
[34/67] 中国政府采购网广东站 (广东) - https://www.ccgp-guangdong.gov.cn
[2026-05-31 14:20:59]   找到 0 条，取 0 条
[2026-05-31 14:20:59]   完成: 新增 0 条
[2026-05-31 14:21:00] 
[35/67] 广东公共资源交易中心 (广东) - https://www.gdzwfw.gov.cn/ggzy-portal/
[2026-05-31 14:21:00]   找到 0 条，取 0 条
[2026-05-31 14:21:00]   完成: 新增 0 条
[2026-05-31 14:21:00] 
[36/67] 海南公共资源交易中心 (海南) - https://ggzy.hainan.gov.cn/
[2026-05-31 14:21:01]   找到 132 条，取 30 条
[2026-05-31 14:21:04]     ✓ 省公共资源交易服务中心参加省七届人大常委会第二十四次会议联组专题询问05-315月28日，省七届人大
[2026-05-31 14:21:16]   完成: 新增 1 条
[2026-05-31 14:21:16] 
[37/67] 海南政府采购网 (海南) - https://www.ccgp-hainan.gov.cn
[2026-05-31 14:21:17]   找到 0 条，取 0 条
[2026-05-31 14:21:17]   完成: 新增 0 条
[2026-05-31 14:21:17] 
[38/67] 重庆公共资源交易中心 (重庆) - https://www.cqggzy.com/
[2026-05-31 14:21:19]   找到 271 条，取 30 条
[2026-05-31 14:21:49]   完成: 新增 0 条
[2026-05-31 14:21:49] 
[39/67] 重庆政府采购网 (重庆) - https://www.ccgp-chongqing.gov.cn
[2026-05-31 14:21:49]   找到 0 条，取 0 条
[2026-05-31 14:21:49]   完成: 新增 0 条
[2026-05-31 14:21:50] 
[40/67] 四川公共资源交易中心 (四川) - https://ggzyjy.sc.gov.cn/
[2026-05-31 14:21:50]   找到 6 条，取 6 条
[2026-05-31 14:21:51]     ✓ 工程建设项目招标投标中标候选人评定分离机制常见问题答疑（一）
[2026-05-31 14:21:51]     ✓ 宜宾市住房和城乡建设局关于工程建设项目招标代理机构专业技能评价结果的公示
[2026-05-31 14:21:52]     ✓ 内江市住房和城乡建设局关于工程建设项目招标代理机构专业技术能力评价成绩的通报
[2026-05-31 14:21:52]     ✓ 四川省政府政务服务和公共资源交易服务中心 四川省发展和改革委员会关于加强和改进公共资源交易平台招标投
[2026-05-31 14:21:53]     ✓ 四川省政府政务服务和公共资源交易服务中心关于省本级工程建设项目“非范本”电子招标投标通用功能模块上线
[2026-05-31 14:21:54]   完成: 新增 6 条
[2026-05-31 14:21:54] 
[41/67] 中国政府采购网四川站 (四川) - https://www.ccgp-sichuan.gov.cn
[2026-05-31 14:21:55]   找到 0 条，取 0 条
[2026-05-31 14:21:55]   完成: 新增 0 条
[2026-05-31 14:21:55] 
[42/67] 贵州公共资源交易中心 (贵州) - https://ggzy.guizhou.gov.cn/
[2026-05-31 14:21:56]   找到 26 条，取 26 条
[2026-05-31 14:22:08]   完成: 新增 0 条
[2026-05-31 14:22:09] 
[43/67] 中国政府采购网贵州站 (贵州) - http://www.ccgp-guizhou.gov.cn/site/home
[2026-05-31 14:22:09]   找到 0 条，取 0 条
[2026-05-31 14:22:09]   完成: 新增 0 条
[2026-05-31 14:22:10] 
[44/67] 云南公共资源交易中心 (云南) - https://ggzy.yn.gov.cn/
[2026-05-31 14:22:10]   找到 0 条，取 0 条
[2026-05-31 14:22:10]   完成: 新增 0 条
[2026-05-31 14:22:10] 
[45/67] 中国政府采购网云南站 (云南) - http://www.ccgp-yunnan.gov.cn/
[2026-05-31 14:22:10]   ✗ 失败: <urlopen error [Errno 101] Network is unreachable>
[2026-05-31 14:22:11] 
[46/67] 西藏公共资源交易中心 (西藏) - http://ggzy.xizang.gov.cn/
[2026-05-31 14:22:11]   找到 0 条，取 0 条
[2026-05-31 14:22:11]   完成: 新增 0 条
[2026-05-31 14:22:12] 
[47/67] 中国政府采购网西藏站 (西藏) - http://www.ccgp-xizang.gov.cn/
[2026-05-31 14:22:12]   找到 66 条，取 30 条
[2026-05-31 14:22:14]     ✓ 林芝市巴宜区财政局2026年度政府采购代理机构名录登记结果的公告2026-05-25
[2026-05-31 14:22:32]     ✓ 波密县2026年第一季度政府采购代理机构名录登记结果的公告2026-05-09
[2026-05-31 14:22:44]     ✓ 阿里地区2026年政府采购代理机构  动态登记名录（4月25日）2026-05-06
[2026-05-31 14:23:16]     ✓ 关于印发《政府采购品目分类目录》的通知2022-12-20
[2026-05-31 14:23:17]     ✓ 林芝市财政局政府采购代理机构 名录登记实施办法2022-12-12
[2026-05-31 14:24:09]   完成: 新增 18 条
[2026-05-31 14:24:09] 
[48/67] 中国政府采购网陕西站 (陕西) - https://www.ccgp-shaanxi.gov.cn
[2026-05-31 14:24:09]   找到 11 条，取 11 条
[2026-05-31 14:24:10]     ✓ 数字化助力政府采购向“新”而行 ——闽粤黑蒙陕签署远程异地评标合作备忘录
[2026-05-31 14:24:10]     ✓ 全省政府采购业务培训班成功举办
[2026-05-31 14:24:18]   完成: 新增 2 条
[2026-05-31 14:24:19] 
[49/67] 陕西公共资源交易中心 (陕西) - https://www.sxggzyjy.cn/
[2026-05-31 14:24:19]   找到 27 条，取 27 条
[2026-05-31 14:24:19]     ✓ 工程建设项目招标投标
[2026-05-31 14:24:20]     ✓ 招标/资审公告
[2026-05-31 14:24:20]     ✓ 澄清/变更公告
[2026-05-31 14:24:21]     ✓ 流标/终止公告
[2026-05-31 14:24:21]     ✓ 中标候选人公示
[2026-05-31 14:24:32]   完成: 新增 27 条
[2026-05-31 14:24:33] 
[50/67] 青海公共资源交易中心 (青海) - https://www.qhggzyjy.gov.cn/
[2026-05-31 14:24:34]   找到 319 条，取 30 条
[2026-05-31 14:24:34]     ✓ 关于招标代理机构办理使用CA数字证书相关事宜的通知
[2026-05-31 14:24:35]     ✓ 关于规范工程建设招标项目评标结果复议事项的通知
[2026-05-31 14:24:35]     ✓ 青海省住房和城乡建设厅 青海省政务服务监督管理局关于开展2025年度房屋建筑和市政基础设施工程招标投
[2026-05-31 14:24:36]     ✓ [青海省·省本级][公开招标][施工]湟中区2026年建制村通双车道公路改建工程标段一[已发公告]
[2026-05-31 14:24:37]     ✓ [西宁市·湟中区][公开招标][施工]湟中区2026年农村公路安防工程标段一[已发公告]
[2026-05-31 14:24:54]   完成: 新增 29 条
[2026-05-31 14:24:54] 
[51/67] 新疆公共资源交易中心 (新疆) - https://ggzy.xinjiang.gov.cn/
[2026-05-31 14:24:55]   找到 256 条，取 30 条
[2026-05-31 14:25:12]   完成: 新增 0 条
[2026-05-31 14:25:13] 
[52/67] 中国政府采购网新疆站 (新疆) - http://www.ccgp-xinjiang.gov.cn/
[2026-05-31 14:25:13]   找到 0 条，取 0 条
[2026-05-31 14:25:13]   完成: 新增 0 条
[2026-05-31 14:25:13] 
[53/67] 兵团公共资源交易中心 (兵团) - https://ggzy.xjbt.gov.cn/
[2026-05-31 14:25:14]   找到 4 条，取 4 条
[2026-05-31 14:25:16]   完成: 新增 0 条
[2026-05-31 14:25:17] 
[54/67] 中国政府采购网兵团站 (兵团) - http://ccgp-bingtuan.gov.cn/
[2026-05-31 14:25:17]   找到 0 条，取 0 条
[2026-05-31 14:25:17]   完成: 新增 0 条
[2026-05-31 14:25:17] 
[55/67] 中国政府采购网山东站 (山东) - http://www.ccgp-shandong.gov.cn/
[2026-05-31 14:25:17]   找到 0 条，取 0 条
[2026-05-31 14:25:17]   完成: 新增 0 条
[2026-05-31 14:25:18] 
[56/67] 山东公共资源交易中心 (山东) - https://ggzyjy.shandong.gov.cn/
[2026-05-31 14:25:33]   ✗ 失败: The read operation timed out
[2026-05-31 14:25:33] 
[57/67] 江西公共资源交易中心 (江西) - https://jxsggzy.cn/
[2026-05-31 14:25:34]   找到 28 条，取 28 条
[2026-05-31 14:25:34]     ✓ 关于省公共资源数智交易平台交易系统正式运行的公告
[2026-05-31 14:25:34]     ✓ 省发展改革委召开全省工程建设项目招标投标领域专项整治工作专题部署会
[2026-05-31 14:25:35]     ✓ 江西省财政厅关于公开征集政府采购领域评审专家的通知
[2026-05-31 14:25:35]     ✓ 解读《江西省工程建设项目招标代理机构管理办法（试行）2026-04-29
[2026-05-31 14:25:35]     ✓ 解读《江西省领导干部违规干预和插手招标投标活动登记报告制度》2026-02-24
[2026-05-31 14:25:46]   完成: 新增 28 条
[2026-05-31 14:25:47] 
[58/67] 中国政府采购网江西站 (江西) - http://www.ccgp-jiangxi.gov.cn/web/
[2026-05-31 14:25:47]   找到 0 条，取 0 条
[2026-05-31 14:25:47]   完成: 新增 0 条
[2026-05-31 14:25:47] 
[59/67] 广西公共资源交易中心 (广西) - http://gxggzy.gxzf.gov.cn/
[2026-05-31 14:25:48]   找到 426 条，取 30 条
[2026-05-31 14:26:07]   完成: 新增 0 条
[2026-05-31 14:26:07] 
[60/67] 中国政府采购网广西站 (广西) - http://www.ccgp-guangxi.gov.cn/
[2026-05-31 14:26:08]   找到 0 条，取 0 条
[2026-05-31 14:26:08]   完成: 新增 0 条
[2026-05-31 14:26:08] 
[61/67] 天津公共资源交易中心 (天津) - http://ggzy.zwfwb.tj.gov.cn/
[2026-05-31 14:26:23]   ✗ 失败: <urlopen error timed out>
[2026-05-31 14:26:24] 
[62/67] 中国政府采购网天津站 (天津) - http://tjgp.cz.tj.gov.cn/
[2026-05-31 14:26:24]   找到 214 条，取 30 条
[2026-05-31 14:26:24]     ✓ “开局起步‘十五五’”系列主题新闻发布会提及政府采购
[2026-05-31 14:26:25]     ✓ 关于举办2026全国政府采购业务从业人员研修班的通知
[2026-05-31 14:26:25]     ✓ 全国人大常委会2026年度立法工作计划 《政府采购法》（修改）已列为初次审议项目
[2026-05-31 14:26:26]     ✓ 中办、国办出台节能降碳意见 深入实施节能产品政府强制采购和优先采购制度
[2026-05-31 14:26:26]     ✓ 关于举办2026年天津政府采购代理机构线上培训班的通知
[2026-05-31 14:26:40]   完成: 新增 30 条
[2026-05-31 14:26:40] 
[63/67] 中国招标投标公共服务平台 (国家级) - http://www.cebpubservice.cn
[2026-05-31 14:26:40]   找到 16 条，取 16 条
[2026-05-31 14:26:40]     ✓ 国家发展改革委 关于向社会公开征求《招标投标领域信用管理办法》（公开征求意见稿）意见的公告
[2026-05-31 14:26:41]     ✓ 【5月 成都】关于举办“立法前瞻、实务落地、风险防范”暨政府采购业务能力提升培训班的通知
[2026-05-31 14:26:41]     ✓ 【5月 长沙 成都】关于举办“规范操作、排查风险、筑牢防线、落实整改”暨落实《招标人主体责任履行指引
[2026-05-31 14:26:42]     ✓ 市场监管总局关于《公平竞争审查条例实施办法（修正草案征求意见稿）》公开征求意见的公告
[2026-05-31 14:26:44]     ✓ 关于2026年劳动节假期中国招标投标公共服务平台招标公告和公示信息发布工作的通知
[2026-05-31 14:26:48]   完成: 新增 9 条
[2026-05-31 14:26:48] 
[64/67] 中国政府采购网 (国家级) - https://www.ccgp.gov.cn/
[2026-05-31 14:26:48]   找到 71 条，取 30 条
[2026-05-31 14:26:48]     ✓ 全国政府采购工作会议在北京召开
[2026-05-31 14:26:49]     ✓ 2026国家立法新看点 政府采购法和招标...
[2026-05-31 14:26:49]     ✓ 关于推动解决政府采购异常低价问题的通知
[2026-05-31 14:26:49]     ✓ 财政部答复有关本国产品采购网民留言咨询
[2026-05-31 14:26:50]     ✓ 政府采购动态
[2026-05-31 14:27:00]   完成: 新增 30 条
[2026-05-31 14:27:01] 
[65/67] 全国公共资源交易平台 (国家级) - https://www.ggzy.gov.cn/
[2026-05-31 14:27:01]   找到 19 条，取 19 条
[2026-05-31 14:27:01]     ✓ 关于加快招标投标领域人工智能推广应用的实施意见(发改法规...
[2026-05-31 14:27:02]     ✓ 关于印发《招标人主体责任履行指引》的通知
[2026-05-31 14:27:02]     ✓ 关于《工程建设项目招标代理机构管理暂行办法》的解读
[2026-05-31 14:27:03]     ✓ 《工程建设项目招标代理机构管理暂行办法》 2025年第3...
[2026-05-31 14:27:03]     ✓ 有效期内公告数量统计
[2026-05-31 14:27:10]   完成: 新增 16 条
[2026-05-31 14:27:11] 
[66/67] 中国国际招标网 (国家级) - https://chinabidding.mofcom.gov.cn/
[2026-05-31 14:27:11]   找到 71 条，取 30 条
[2026-05-31 14:27:24]   完成: 新增 0 条
[2026-05-31 14:27:25] 
[67/67] 军队采购网 (国家级) - https://www.plap.mil.cn/
[2026-05-31 14:27:25]   找到 1 条，取 1 条
[2026-05-31 14:27:26]   完成: 新增 0 条
[2026-05-31 14:27:26] 
==================================================
[2026-05-31 14:27:26] 爬取完成: 67 平台, 新增 282 条
[2026-05-31 14:27:26] DB总量: 5158
[2026-05-31 14:27:26] ==================================================
