[2026-05-31 04:37:54] ============================================================
[2026-05-31 04:37:54] ============================================================
[2026-05-31 04:37:54] Patchright 浏览器爬虫启动
[2026-05-31 04:37:54] Patchright 浏览器爬虫启动
[2026-05-31 04:37:54] ============================================================
[2026-05-31 04:37:54] ============================================================
[2026-05-31 04:37:54] 
[1/12] 甘肃公共资源交易中心
[2026-05-31 04:37:54] 
[1/12] 甘肃公共资源交易中心
[2026-05-31 04:37:55]   浏览器模式: https://ggzyjy.gansu.gov.cn
[2026-05-31 04:37:55]   浏览器模式: https://ggzyjy.gansu.gov.cn
[2026-05-31 04:38:02]     找到 44 条标讯
[2026-05-31 04:38:02]     找到 44 条标讯
[2026-05-31 04:38:08]     入库失败: datatype mismatch
[2026-05-31 04:38:08]     入库失败: datatype mismatch
[2026-05-31 04:38:23]     入库失败: datatype mismatch
[2026-05-31 04:38:23]     入库失败: datatype mismatch
[2026-05-31 04:38:29]     入库失败: datatype mismatch
[2026-05-31 04:38:29]     入库失败: datatype mismatch
[2026-05-31 04:38:34]     入库失败: datatype mismatch
[2026-05-31 04:38:34]     入库失败: datatype mismatch
[2026-05-31 04:38:39]     入库失败: datatype mismatch
[2026-05-31 04:38:39]     入库失败: datatype mismatch
[2026-05-31 04:38:44]     入库失败: datatype mismatch
[2026-05-31 04:38:44]     入库失败: datatype mismatch
[2026-05-31 04:38:47] ============================================================
[2026-05-31 04:38:47] ============================================================
[2026-05-31 04:38:47] Patchright 浏览器爬虫启动
[2026-05-31 04:38:47] Patchright 浏览器爬虫启动
[2026-05-31 04:38:47] ============================================================
[2026-05-31 04:38:47] ============================================================
[2026-05-31 04:38:47] 
[1/12] 甘肃公共资源交易中心
[2026-05-31 04:38:47] 
[1/12] 甘肃公共资源交易中心
[2026-05-31 04:38:47]   浏览器模式: https://ggzyjy.gansu.gov.cn
[2026-05-31 04:38:47]   浏览器模式: https://ggzyjy.gansu.gov.cn
[2026-05-31 04:38:55]     找到 44 条标讯
[2026-05-31 04:38:55]     找到 44 条标讯
[2026-05-31 04:43:01]     详情提取失败: 甘肃省政府采购、交通工程、水利工程电子交易系统-招标文件编制 - Page.goto: Timeout 20000ms exceeded.
Call log:
  - navigating to "http://121.41.35.55:3050/", waiting until "domcontentloaded"

[2026-05-31 04:43:01]     详情提取失败: 甘肃省政府采购、交通工程、水利工程电子交易系统-招标文件编制 - Page.goto: Timeout 20000ms exceeded.
Call log:
  - navigating to "http://121.41.35.55:3050/", waiting until "domcontentloaded"

[2026-05-31 04:43:16]     ✗ 浏览器错误: database is locked
[2026-05-31 04:43:16]     ✗ 浏览器错误: database is locked
[2026-05-31 04:43:19] 
[2/12] 中国政府采购网甘肃站
[2026-05-31 04:43:19] 
[2/12] 中国政府采购网甘肃站
[2026-05-31 04:43:19]   浏览器模式: https://www.ccgp-gansu.gov.cn
[2026-05-31 04:43:19]   浏览器模式: https://www.ccgp-gansu.gov.cn
[2026-05-31 04:43:24]     找到 3 条标讯
[2026-05-31 04:43:24]     找到 3 条标讯
[2026-05-31 04:43:48]     ✗ 浏览器错误: database is locked
[2026-05-31 04:43:48]     ✗ 浏览器错误: database is locked
[2026-05-31 04:43:51] 
[3/12] 甘肃住建厅
[2026-05-31 04:43:51] 
[3/12] 甘肃住建厅
[2026-05-31 04:43:51]   浏览器模式: https://zjt.gansu.gov.cn
[2026-05-31 04:43:51]   浏览器模式: https://zjt.gansu.gov.cn
[2026-05-31 04:43:57]     找到 5 条标讯
[2026-05-31 04:43:57]     找到 5 条标讯
[2026-05-31 04:44:06] ============================================================
[2026-05-31 04:44:06] ============================================================
[2026-05-31 04:44:06] Patchright 浏览器爬虫启动
[2026-05-31 04:44:06] Patchright 浏览器爬虫启动
[2026-05-31 04:44:06] ============================================================
[2026-05-31 04:44:06] ============================================================
[2026-05-31 04:44:06] 
[1/12] 甘肃公共资源交易中心
[2026-05-31 04:44:06] 
[1/12] 甘肃公共资源交易中心
[2026-05-31 04:44:06]   浏览器模式: https://ggzyjy.gansu.gov.cn
[2026-05-31 04:44:06]   浏览器模式: https://ggzyjy.gansu.gov.cn
[2026-05-31 04:44:14]     找到 44 条标讯
[2026-05-31 04:44:14]     找到 44 条标讯
[2026-05-31 04:48:17]     详情提取失败: 甘肃省政府采购、交通工程、水利工程电子交易系统-招标文件编制 - Page.goto: Timeout 20000ms exceeded.
Call log:
  - navigating to "http://121.41.35.55:3050/", waiting until "domcontentloaded"

[2026-05-31 04:48:17]     详情提取失败: 甘肃省政府采购、交通工程、水利工程电子交易系统-招标文件编制 - Page.goto: Timeout 20000ms exceeded.
Call log:
  - navigating to "http://121.41.35.55:3050/", waiting until "domcontentloaded"

[2026-05-31 04:48:56]     ✗ 浏览器错误: database is locked
[2026-05-31 04:48:56]     ✗ 浏览器错误: database is locked
[2026-05-31 04:48:59] 
[2/12] 中国政府采购网甘肃站
[2026-05-31 04:48:59] 
[2/12] 中国政府采购网甘肃站
[2026-05-31 04:48:59]   浏览器模式: https://www.ccgp-gansu.gov.cn
[2026-05-31 04:48:59]   浏览器模式: https://www.ccgp-gansu.gov.cn
[2026-05-31 04:49:04]     找到 3 条标讯
[2026-05-31 04:49:04]     找到 3 条标讯
[2026-05-31 04:49:54]     ✗ 浏览器错误: database is locked
[2026-05-31 04:49:54]     ✗ 浏览器错误: database is locked
[2026-05-31 04:49:57] 
[3/12] 甘肃住建厅
[2026-05-31 04:49:57] 
[3/12] 甘肃住建厅
[2026-05-31 04:49:57]   浏览器模式: https://zjt.gansu.gov.cn
[2026-05-31 04:49:57]   浏览器模式: https://zjt.gansu.gov.cn
[2026-05-31 04:50:04]     找到 5 条标讯
[2026-05-31 04:50:04]     找到 5 条标讯
[2026-05-31 04:50:55]     ✗ 浏览器错误: database is locked
[2026-05-31 04:50:55]     ✗ 浏览器错误: database is locked
[2026-05-31 04:50:58] 
[4/12] 甘肃交通运输厅
[2026-05-31 04:50:58] 
[4/12] 甘肃交通运输厅
[2026-05-31 04:50:58]   浏览器模式: https://jtys.gansu.gov.cn
[2026-05-31 04:50:58]   浏览器模式: https://jtys.gansu.gov.cn
[2026-05-31 04:51:04]     找到 1 条标讯
[2026-05-31 04:51:04]     找到 1 条标讯
[2026-05-31 04:51:40]     ✗ 浏览器错误: database is locked
[2026-05-31 04:51:40]     ✗ 浏览器错误: database is locked
[2026-05-31 04:51:43] 
[5/12] 甘肃水利厅
[2026-05-31 04:51:43] 
[5/12] 甘肃水利厅
[2026-05-31 04:51:43]   浏览器模式: https://slt.gansu.gov.cn
[2026-05-31 04:51:43]   浏览器模式: https://slt.gansu.gov.cn
[2026-05-31 04:51:50]     找到 2 条标讯
[2026-05-31 04:51:50]     找到 2 条标讯
[2026-05-31 04:52:15]     详情提取失败: 甘肃省水利厅关于公布2026年淤地坝防汛责任人的公告[05- - Page.goto: Timeout 20000ms exceeded.
Call log:
  - navigating to "https://slt.gansu.gov.cn/slt/c106726/c106732/c202201111504/c106748/202605/174336014.shtml", waiting until "domcontentloaded"

[2026-05-31 04:52:15]     详情提取失败: 甘肃省水利厅关于公布2026年淤地坝防汛责任人的公告[05- - Page.goto: Timeout 20000ms exceeded.
Call log:
  - navigating to "https://slt.gansu.gov.cn/slt/c106726/c106732/c202201111504/c106748/202605/174336014.shtml", waiting until "domcontentloaded"

[2026-05-31 04:52:46]     ✗ 浏览器错误: database is locked
[2026-05-31 04:52:46]     ✗ 浏览器错误: database is locked
[2026-05-31 04:52:49] 
[6/12] 甘肃教育厅
[2026-05-31 04:52:49] 
[6/12] 甘肃教育厅
[2026-05-31 04:52:49]   浏览器模式: https://jyt.gansu.gov.cn
[2026-05-31 04:52:49]   浏览器模式: https://jyt.gansu.gov.cn
[2026-05-31 04:52:54]     找到 3 条标讯
[2026-05-31 04:52:54]     找到 3 条标讯
[2026-05-31 04:53:39]     ✗ 浏览器错误: database is locked
[2026-05-31 04:53:39]     ✗ 浏览器错误: database is locked
[2026-05-31 04:53:42] 
[7/12] 甘肃卫健委
[2026-05-31 04:53:42] 
[7/12] 甘肃卫健委
[2026-05-31 04:53:42]   浏览器模式: https://wsjk.gansu.gov.cn
[2026-05-31 04:53:42]   浏览器模式: https://wsjk.gansu.gov.cn
[2026-05-31 04:53:47]     找到 3 条标讯
[2026-05-31 04:53:47]     找到 3 条标讯
[2026-05-31 04:54:31]     ✗ 浏览器错误: database is locked
[2026-05-31 04:54:31]     ✗ 浏览器错误: database is locked
[2026-05-31 04:54:34] 
[8/12] 甘肃农业农村厅
[2026-05-31 04:54:34] 
[8/12] 甘肃农业农村厅
[2026-05-31 04:54:34]   浏览器模式: https://nync.gansu.gov.cn
[2026-05-31 04:54:34]   浏览器模式: https://nync.gansu.gov.cn
[2026-05-31 04:54:39]     找到 2 条标讯
[2026-05-31 04:54:39]     找到 2 条标讯
[2026-05-31 04:55:04]     详情提取失败: 关于发布《2026年智慧农业创新大赛暨雄安智慧农业技术应用大 - Page.goto: Timeout 20000ms exceeded.
Call log:
  - navigating to "https://nync.gansu.gov.cn/nync/c107992/202605/174339217.shtml", waiting until "domcontentloaded"

[2026-05-31 04:55:04]     详情提取失败: 关于发布《2026年智慧农业创新大赛暨雄安智慧农业技术应用大 - Page.goto: Timeout 20000ms exceeded.
Call log:
  - navigating to "https://nync.gansu.gov.cn/nync/c107992/202605/174339217.shtml", waiting until "domcontentloaded"

[2026-05-31 04:55:35]     ✗ 浏览器错误: database is locked
[2026-05-31 04:55:35]     ✗ 浏览器错误: database is locked
[2026-05-31 04:55:39] 
[9/12] 甘肃自然资源厅
[2026-05-31 04:55:39] 
[9/12] 甘肃自然资源厅
[2026-05-31 04:55:39]   浏览器模式: https://zrzy.gansu.gov.cn
[2026-05-31 04:55:39]   浏览器模式: https://zrzy.gansu.gov.cn
[2026-05-31 04:55:44]     找到 2 条标讯
[2026-05-31 04:55:44]     找到 2 条标讯
[2026-05-31 04:56:24]     ✗ 浏览器错误: database is locked
[2026-05-31 04:56:24]     ✗ 浏览器错误: database is locked
[2026-05-31 04:56:27] 
[10/12] 甘肃生态环境厅
[2026-05-31 04:56:27] 
[10/12] 甘肃生态环境厅
[2026-05-31 04:56:27]   浏览器模式: https://sthj.gansu.gov.cn
[2026-05-31 04:56:27]   浏览器模式: https://sthj.gansu.gov.cn
[2026-05-31 04:56:33]     找到 0 条标讯
[2026-05-31 04:56:33]     找到 0 条标讯
[2026-05-31 04:57:03]     ✗ 浏览器错误: database is locked
[2026-05-31 04:57:03]     ✗ 浏览器错误: database is locked
[2026-05-31 04:57:06] 
[11/12] 甘肃文旅厅
[2026-05-31 04:57:06] 
[11/12] 甘肃文旅厅
[2026-05-31 04:57:06]   浏览器模式: https://wlt.gansu.gov.cn
[2026-05-31 04:57:06]   浏览器模式: https://wlt.gansu.gov.cn
[2026-05-31 04:57:11]     找到 6 条标讯
[2026-05-31 04:57:11]     找到 6 条标讯
[2026-05-31 04:58:11]     ✗ 浏览器错误: database is locked
[2026-05-31 04:58:11]     ✗ 浏览器错误: database is locked
[2026-05-31 04:58:14] 
[12/12] 宁夏住建厅
[2026-05-31 04:58:14] 
[12/12] 宁夏住建厅
[2026-05-31 04:58:14]   浏览器模式: https://jst.nx.gov.cn
[2026-05-31 04:58:14]   浏览器模式: https://jst.nx.gov.cn
[2026-05-31 04:58:45]     ✗ 浏览器错误: Page.goto: Timeout 30000ms exceeded.
Call log:
  - navigating to "https://jst.nx.gov.cn/", waiting until "domcontentloaded"

[2026-05-31 04:58:45]     ✗ 浏览器错误: Page.goto: Timeout 30000ms exceeded.
Call log:
  - navigating to "https://jst.nx.gov.cn/", waiting until "domcontentloaded"

[2026-05-31 04:58:49] 
============================================================
[2026-05-31 04:58:49] 
============================================================
[2026-05-31 04:58:49] Patchright 爬取完成!
[2026-05-31 04:58:49] Patchright 爬取完成!
[2026-05-31 04:58:49] 新增: 38 条
[2026-05-31 04:58:49] 新增: 38 条
[2026-05-31 04:58:49] 数据库总量: 2811 条
[2026-05-31 04:58:49] 数据库总量: 2811 条
[2026-05-31 04:58:49] 有内容: 39 条
[2026-05-31 04:58:49] 有内容: 39 条
[2026-05-31 04:58:49] ============================================================
[2026-05-31 04:58:49] ============================================================
