🚀 cebpub 全历史高速爬虫
   目标是覆盖 2018-01 ~ 至今 全部分类
   并发: 20 线程 | 延迟: 0.08s | 每页延迟: 页面/PAGE_DELAY
   数据文件: /home/hermes/projects/bidding-site/data/bids-cebpub.json
   已有标讯: 60936 条


[1/1] 已耗时 0.0min | 已新增 0

=======================================================
📅 2026-06-01 ~ 2026-06-30
=======================================================
  总页数: 500 页, 每页 ~20 条
  → 50/499 页 (10%) | 新增 403 | 跳过 617
  → 100/499 页 (20%) | 新增 410 | 跳过 1610
  → 150/499 页 (30%) | 新增 413 | 跳过 2607
  → 200/499 页 (40%) | 新增 416 | 跳过 3604
  → 250/499 页 (50%) | 新增 416 | 跳过 4604
  → 300/499 页 (60%) | 新增 416 | 跳过 5604
  → 350/499 页 (70%) | 新增 416 | 跳过 6604
  → 400/499 页 (80%) | 新增 416 | 跳过 7604
  → 450/499 页 (90%) | 新增 416 | 跳过 8604
  💾 已保存: 共 61352 条
  📊 完成: 新增 416, 跳过 9584, 扫描 500 页

📊 进度: 1/1 个月
   耗时: 2.8 min
   新增: 416 条
   速率: 8939 条/小时

=======================================================
✅ 全量扫描完成!
   新增: 416 条
   总计: 61,352 条
   总耗时: 2.8 min

📈 月份分布 (前10):
   2026-06: 18,292 条
   2026-05: 41,517 条
   2026-04: 1,543 条
[Wed Jun  3 10:02:50 AM CST 2026] CEBPub 完成
🚀 cebpub 全历史高速爬虫
   目标是覆盖 2018-01 ~ 至今 全部分类
   并发: 20 线程 | 延迟: 0.08s | 每页延迟: 页面/PAGE_DELAY
   数据文件: /home/hermes/projects/bidding-site/data/bids-cebpub.json
   已有标讯: 66042 条


[1/1] 已耗时 0.0min | 已新增 0

=======================================================
📅 2026-06-01 ~ 2026-06-30
=======================================================
  总页数: 500 页, 每页 ~20 条
  → 50/499 页 (10%) | 新增 1020 | 跳过 0
  → 100/499 页 (20%) | 新增 2019 | 跳过 1
  → 150/499 页 (30%) | 新增 3019 | 跳过 1
  → 200/499 页 (40%) | 新增 3704 | 跳过 316
  → 250/499 页 (50%) | 新增 3750 | 跳过 1270
  → 300/499 页 (60%) | 新增 3750 | 跳过 2270
  → 350/499 页 (70%) | 新增 3750 | 跳过 3270
  → 400/499 页 (80%) | 新增 3750 | 跳过 4270
  → 450/499 页 (90%) | 新增 3751 | 跳过 5269
  💾 已保存: 共 69793 条
  📊 完成: 新增 3751, 跳过 6249, 扫描 500 页

📊 进度: 1/1 个月
   耗时: 3.7 min
   新增: 3,751 条
   速率: 60832 条/小时

=======================================================
✅ 全量扫描完成!
   新增: 3,751 条
   总计: 69,793 条
   总耗时: 3.7 min

📈 月份分布 (前10):
   2026-06: 26,732 条
   2026-05: 41,518 条
   2026-04: 1,543 条
[Thu Jun  4 10:03:45 AM CST 2026] CEBPub 完成
