2026-05-26 07:00:02,161 [plap] 📂 已有数据: 22215条
2026-05-26 07:00:02,161 [plap] 🕷️ 每日快速增量模式...
2026-05-26 07:00:02,838 [plap]   采购公告: 共11052条
2026-05-26 07:00:07,962 [plap]   ✓ 采购公告: 抓取100条(共11052)
2026-05-26 07:00:09,017 [plap]   采购结果公示: 共9424条
2026-05-26 07:00:13,251 [plap]   ✓ 采购结果公示: 抓取100条(共9424)
2026-05-26 07:00:14,118 [plap]   采购意向公开: 共1768条
2026-05-26 07:00:16,520 [plap]   ✓ 采购意向公开: 抓取60条(共1768)
2026-05-26 07:00:17,622 [plap]   采购需求公示: 共1284条
2026-05-26 07:00:18,975 [plap]   ✓ 采购需求公示: 抓取40条(共1284)
2026-05-26 07:00:19,475 [plap] 📦 全量: 300条
2026-05-26 07:00:19,476 [plap] 🔍 去重后: 299条
2026-05-26 07:00:19,476 [plap] 📊 统计: 有预算18, 有项目号275, 有截止18
2026-05-26 07:00:19,481 [plap] 💾 已保存 299 条 → /home/hermes/projects/bidding-site/data/bids-plap.json
2026-05-26 07:00:19,482 [plap] ✅ 完成! 总计 299 条
2026-05-27 07:00:01,547 [plap] 📂 已有数据: 299条
2026-05-27 07:00:01,548 [plap] 🕷️ 每日快速增量模式...
2026-05-27 07:00:02,469 [plap]   采购公告: 共11594条
2026-05-27 07:00:07,139 [plap]   ✓ 采购公告: 抓取100条(共11594)
2026-05-27 07:00:08,237 [plap]   采购结果公示: 共9861条
2026-05-27 07:00:12,780 [plap]   ✓ 采购结果公示: 抓取100条(共9861)
2026-05-27 07:00:13,617 [plap]   采购意向公开: 共1826条
2026-05-27 07:00:15,796 [plap]   ✓ 采购意向公开: 抓取60条(共1826)
2026-05-27 07:00:16,653 [plap]   采购需求公示: 共1348条
2026-05-27 07:00:18,021 [plap]   ✓ 采购需求公示: 抓取40条(共1348)
2026-05-27 07:00:18,522 [plap] 📦 全量: 300条
2026-05-27 07:00:18,522 [plap] 🔍 去重后: 300条
2026-05-27 07:00:18,522 [plap] 📊 统计: 有预算8, 有项目号275, 有截止8
2026-05-27 07:00:18,528 [plap] 💾 已保存 300 条 → /home/hermes/projects/bidding-site/data/bids-plap.json
2026-05-27 07:00:18,528 [plap] ✅ 完成! 总计 300 条
2026-05-28 07:00:01,122 [plap] 📂 已有数据: 300条
2026-05-28 07:00:01,122 [plap] 🕷️ 每日快速增量模式...
2026-05-28 07:00:01,737 [plap]   采购公告: 共11019条
2026-05-28 07:00:06,297 [plap]   ✓ 采购公告: 抓取100条(共11019)
2026-05-28 07:00:07,148 [plap]   采购结果公示: 共9305条
2026-05-28 07:00:11,157 [plap]   ✓ 采购结果公示: 抓取100条(共9305)
2026-05-28 07:00:11,974 [plap]   采购意向公开: 共1721条
2026-05-28 07:00:14,612 [plap]   ✓ 采购意向公开: 抓取60条(共1721)
2026-05-28 07:00:15,483 [plap]   采购需求公示: 共1260条
2026-05-28 07:00:17,079 [plap]   ✓ 采购需求公示: 抓取40条(共1260)
2026-05-28 07:00:17,580 [plap] 📦 全量: 300条
2026-05-28 07:00:17,580 [plap] 🔍 去重后: 300条
2026-05-28 07:00:17,580 [plap] 📊 统计: 有预算20, 有项目号276, 有截止20
2026-05-28 07:00:17,584 [plap] 💾 已保存 300 条 → /home/hermes/projects/bidding-site/data/bids-plap.json
2026-05-28 07:00:17,584 [plap] ✅ 完成! 总计 300 条
2026-05-29 07:00:01,657 [plap] 📂 已有数据: 300条
2026-05-29 07:00:01,657 [plap] 🕷️ 每日快速增量模式...
2026-05-29 07:00:03,553 [plap]   采购公告: 共11551条
2026-05-29 07:00:08,702 [plap]   ✓ 采购公告: 抓取100条(共11551)
2026-05-29 07:00:09,751 [plap]   采购结果公示: 共9720条
2026-05-29 07:00:14,257 [plap]   ✓ 采购结果公示: 抓取100条(共9720)
2026-05-29 07:00:15,082 [plap]   采购意向公开: 共1745条
2026-05-29 07:00:17,481 [plap]   ✓ 采购意向公开: 抓取60条(共1745)
2026-05-29 07:00:18,314 [plap]   采购需求公示: 共1303条
2026-05-29 07:00:19,663 [plap]   ✓ 采购需求公示: 抓取40条(共1303)
2026-05-29 07:00:20,164 [plap] 📦 全量: 300条
2026-05-29 07:00:20,165 [plap] 🔍 去重后: 300条
2026-05-29 07:00:20,165 [plap] 📊 统计: 有预算20, 有项目号263, 有截止20
2026-05-29 07:00:20,178 [plap] 💾 已保存 300 条 → /home/hermes/projects/bidding-site/data/bids-plap.json
2026-05-29 07:00:20,178 [plap] ✅ 完成! 总计 300 条
2026-05-30 07:00:01,811 [plap] 📂 已有数据: 300条
2026-05-30 07:00:01,813 [plap] 🕷️ 每日快速增量模式...
2026-05-30 07:00:02,662 [plap]   采购公告: 共10972条
2026-05-30 07:00:07,220 [plap]   ✓ 采购公告: 抓取100条(共10972)
2026-05-30 07:00:08,029 [plap]   采购结果公示: 共9176条
2026-05-30 07:00:12,269 [plap]   ✓ 采购结果公示: 抓取100条(共9176)
2026-05-30 07:00:13,090 [plap]   采购意向公开: 共1665条
2026-05-30 07:00:15,466 [plap]   ✓ 采购意向公开: 抓取60条(共1665)
2026-05-30 07:00:16,327 [plap]   采购需求公示: 共1270条
2026-05-30 07:00:17,678 [plap]   ✓ 采购需求公示: 抓取40条(共1270)
2026-05-30 07:00:18,179 [plap] 📦 全量: 300条
2026-05-30 07:00:18,180 [plap] 🔍 去重后: 299条
2026-05-30 07:00:18,181 [plap] 📊 统计: 有预算21, 有项目号272, 有截止21
2026-05-30 07:00:18,195 [plap] 💾 已保存 299 条 → /home/hermes/projects/bidding-site/data/bids-plap.json
2026-05-30 07:00:18,196 [plap] ✅ 完成! 总计 299 条
2026-05-31 08:00:02,037 [plap] 📂 已有数据: 299条
2026-05-31 08:00:02,044 [plap] 🕷️ 每日快速增量模式...
2026-05-31 08:00:02,522 [plap]   采购公告: 共10975条
2026-05-31 08:00:07,170 [plap]   ✓ 采购公告: 抓取100条(共10975)
2026-05-31 08:00:08,207 [plap]   采购结果公示: 共9177条
2026-05-31 08:00:12,216 [plap]   ✓ 采购结果公示: 抓取100条(共9177)
2026-05-31 08:00:13,300 [plap]   采购意向公开: 共1663条
2026-05-31 08:00:15,710 [plap]   ✓ 采购意向公开: 抓取60条(共1663)
2026-05-31 08:00:16,811 [plap]   采购需求公示: 共1263条
2026-05-31 08:00:18,394 [plap]   ✓ 采购需求公示: 抓取40条(共1263)
2026-05-31 08:00:18,895 [plap] 📦 全量: 300条
2026-05-31 08:00:18,896 [plap] 🔍 去重后: 299条
2026-05-31 08:00:18,896 [plap] 📊 统计: 有预算22, 有项目号272, 有截止22
2026-05-31 08:00:18,905 [plap] 💾 已保存 299 条 → /home/hermes/projects/bidding-site/data/bids-plap.json
2026-05-31 08:00:18,905 [plap] ✅ 完成! 总计 299 条
2026-05-31 13:00:01,891 [plap] 📂 已有数据: 299条
2026-05-31 13:00:01,891 [plap] 🕷️ 每日快速增量模式...
2026-05-31 13:00:02,431 [plap]   采购公告: 共10975条
2026-05-31 13:00:06,835 [plap]   ✓ 采购公告: 抓取100条(共10975)
2026-05-31 13:00:07,874 [plap]   采购结果公示: 共9177条
2026-05-31 13:00:12,134 [plap]   ✓ 采购结果公示: 抓取100条(共9177)
2026-05-31 13:00:12,946 [plap]   采购意向公开: 共1663条
2026-05-31 13:00:15,339 [plap]   ✓ 采购意向公开: 抓取60条(共1663)
2026-05-31 13:00:16,189 [plap]   采购需求公示: 共1263条
2026-05-31 13:00:17,551 [plap]   ✓ 采购需求公示: 抓取40条(共1263)
2026-05-31 13:00:18,052 [plap] 📦 全量: 300条
2026-05-31 13:00:18,053 [plap] 🔍 去重后: 299条
2026-05-31 13:00:18,053 [plap] 📊 统计: 有预算22, 有项目号272, 有截止22
2026-05-31 13:00:18,060 [plap] 💾 已保存 299 条 → /home/hermes/projects/bidding-site/data/bids-plap.json
2026-05-31 13:00:18,061 [plap] ✅ 完成! 总计 299 条
2026-05-31 20:00:02,071 [plap] 📂 已有数据: 299条
2026-05-31 20:00:02,072 [plap] 🕷️ 每日快速增量模式...
2026-05-31 20:00:02,614 [plap]   采购公告: 共10975条
2026-05-31 20:00:07,010 [plap]   ✓ 采购公告: 抓取100条(共10975)
2026-05-31 20:00:07,829 [plap]   采购结果公示: 共9177条
2026-05-31 20:00:12,061 [plap]   ✓ 采购结果公示: 抓取100条(共9177)
2026-05-31 20:00:12,887 [plap]   采购意向公开: 共1663条
2026-05-31 20:00:15,298 [plap]   ✓ 采购意向公开: 抓取60条(共1663)
2026-05-31 20:00:16,406 [plap]   采购需求公示: 共1263条
2026-05-31 20:00:17,991 [plap]   ✓ 采购需求公示: 抓取40条(共1263)
2026-05-31 20:00:18,492 [plap] 📦 全量: 300条
2026-05-31 20:00:18,493 [plap] 🔍 去重后: 299条
2026-05-31 20:00:18,493 [plap] 📊 统计: 有预算22, 有项目号272, 有截止22
2026-05-31 20:00:18,500 [plap] 💾 已保存 299 条 → /home/hermes/projects/bidding-site/data/bids-plap.json
2026-05-31 20:00:18,500 [plap] ✅ 完成! 总计 299 条
2026-06-01 08:00:01,330 [plap] 📂 已有数据: 299条
2026-06-01 08:00:01,331 [plap] 🕷️ 每日快速增量模式...
2026-06-01 08:00:02,175 [plap]   采购公告: 共10975条
2026-06-01 08:00:06,516 [plap]   ✓ 采购公告: 抓取100条(共10975)
2026-06-01 08:00:07,336 [plap]   采购结果公示: 共9177条
2026-06-01 08:00:11,581 [plap]   ✓ 采购结果公示: 抓取100条(共9177)
2026-06-01 08:00:12,403 [plap]   采购意向公开: 共1663条
2026-06-01 08:00:14,788 [plap]   ✓ 采购意向公开: 抓取60条(共1663)
2026-06-01 08:00:15,876 [plap]   采购需求公示: 共1263条
2026-06-01 08:00:17,457 [plap]   ✓ 采购需求公示: 抓取40条(共1263)
2026-06-01 08:00:17,958 [plap] 📦 全量: 300条
2026-06-01 08:00:17,959 [plap] 🔍 去重后: 299条
2026-06-01 08:00:17,959 [plap] 📊 统计: 有预算22, 有项目号272, 有截止22
2026-06-01 08:00:17,970 [plap] 💾 已保存 299 条 → /home/hermes/projects/bidding-site/data/bids-plap.json
2026-06-01 08:00:17,970 [plap] ✅ 完成! 总计 299 条
2026-06-01 13:00:01,805 [plap] 📂 已有数据: 299条
2026-06-01 13:00:01,807 [plap] 🕷️ 每日快速增量模式...
2026-06-01 13:00:02,479 [plap]   采购公告: 共11192条
2026-06-01 13:00:07,399 [plap]   ✓ 采购公告: 抓取100条(共11192)
2026-06-01 13:00:08,223 [plap]   采购结果公示: 共9425条
2026-06-01 13:00:12,871 [plap]   ✓ 采购结果公示: 抓取100条(共9425)
2026-06-01 13:00:13,954 [plap]   采购意向公开: 共1714条
2026-06-01 13:00:16,596 [plap]   ✓ 采购意向公开: 抓取60条(共1714)
2026-06-01 13:00:17,447 [plap]   采购需求公示: 共1284条
2026-06-01 13:00:19,036 [plap]   ✓ 采购需求公示: 抓取40条(共1284)
2026-06-01 13:00:19,537 [plap] 📦 全量: 300条
2026-06-01 13:00:19,538 [plap] 🔍 去重后: 300条
2026-06-01 13:00:19,538 [plap] 📊 统计: 有预算15, 有项目号271, 有截止15
2026-06-01 13:00:19,545 [plap] 💾 已保存 300 条 → /home/hermes/projects/bidding-site/data/bids-plap.json
2026-06-01 13:00:19,545 [plap] ✅ 完成! 总计 300 条
2026-06-01 20:00:01,226 [plap] 📂 已有数据: 300条
2026-06-01 20:00:01,226 [plap] 🕷️ 每日快速增量模式...
2026-06-01 20:00:01,749 [plap]   采购公告: 共11511条
2026-06-01 20:00:07,186 [plap]   ✓ 采购公告: 抓取100条(共11511)
2026-06-01 20:00:08,231 [plap]   采购结果公示: 共9699条
2026-06-01 20:00:12,760 [plap]   ✓ 采购结果公示: 抓取100条(共9699)
2026-06-01 20:00:13,598 [plap]   采购意向公开: 共1761条
2026-06-01 20:00:17,295 [plap]   ✓ 采购意向公开: 抓取60条(共1761)
2026-06-01 20:00:18,381 [plap]   采购需求公示: 共1321条
2026-06-01 20:00:19,735 [plap]   ✓ 采购需求公示: 抓取40条(共1321)
2026-06-01 20:00:20,236 [plap] 📦 全量: 300条
2026-06-01 20:00:20,237 [plap] 🔍 去重后: 300条
2026-06-01 20:00:20,237 [plap] 📊 统计: 有预算22, 有项目号274, 有截止22
2026-06-01 20:00:20,244 [plap] 💾 已保存 300 条 → /home/hermes/projects/bidding-site/data/bids-plap.json
2026-06-01 20:00:20,245 [plap] ✅ 完成! 总计 300 条
2026-06-02 08:00:01,707 [plap] 📂 已有数据: 300条
2026-06-02 08:00:01,708 [plap] 🕷️ 每日快速增量模式...
2026-06-02 08:00:02,489 [plap]   采购公告: 共11511条
2026-06-02 08:00:06,962 [plap]   ✓ 采购公告: 抓取100条(共11511)
2026-06-02 08:00:07,767 [plap]   采购结果公示: 共9699条
2026-06-02 08:00:12,031 [plap]   ✓ 采购结果公示: 抓取100条(共9699)
2026-06-02 08:00:13,114 [plap]   采购意向公开: 共1731条
2026-06-02 08:00:15,536 [plap]   ✓ 采购意向公开: 抓取60条(共1731)
2026-06-02 08:00:16,625 [plap]   采购需求公示: 共1321条
2026-06-02 08:00:18,207 [plap]   ✓ 采购需求公示: 抓取40条(共1321)
2026-06-02 08:00:18,708 [plap] 📦 全量: 300条
2026-06-02 08:00:18,709 [plap] 🔍 去重后: 300条
2026-06-02 08:00:18,709 [plap] 📊 统计: 有预算22, 有项目号274, 有截止22
2026-06-02 08:00:18,718 [plap] 💾 已保存 300 条 → /home/hermes/projects/bidding-site/data/bids-plap.json
2026-06-02 08:00:18,719 [plap] ✅ 完成! 总计 300 条
2026-06-02 13:00:01,962 [plap] 📂 已有数据: 300条
2026-06-02 13:00:01,964 [plap] 🕷️ 每日快速增量模式...
2026-06-02 13:00:02,527 [plap]   采购公告: 共11764条
2026-06-02 13:00:07,301 [plap]   ✓ 采购公告: 抓取100条(共11764)
2026-06-02 13:00:08,121 [plap]   采购结果公示: 共9929条
2026-06-02 13:00:12,634 [plap]   ✓ 采购结果公示: 抓取100条(共9929)
2026-06-02 13:00:13,710 [plap]   采购意向公开: 共1774条
2026-06-02 13:00:16,303 [plap]   ✓ 采购意向公开: 抓取60条(共1774)
2026-06-02 13:00:17,148 [plap]   采购需求公示: 共1359条
2026-06-02 13:00:18,515 [plap]   ✓ 采购需求公示: 抓取40条(共1359)
2026-06-02 13:00:19,016 [plap] 📦 全量: 300条
2026-06-02 13:00:19,017 [plap] 🔍 去重后: 300条
2026-06-02 13:00:19,017 [plap] 📊 统计: 有预算20, 有项目号277, 有截止20
2026-06-02 13:00:19,024 [plap] 💾 已保存 300 条 → /home/hermes/projects/bidding-site/data/bids-plap.json
2026-06-02 13:00:19,024 [plap] ✅ 完成! 总计 300 条
2026-06-02 20:00:01,900 [plap] 📂 已有数据: 300条
2026-06-02 20:00:01,901 [plap] 🕷️ 每日快速增量模式...
2026-06-02 20:00:02,415 [plap]   采购公告: 共12094条
2026-06-02 20:00:07,331 [plap]   ✓ 采购公告: 抓取100条(共12094)
2026-06-02 20:00:08,369 [plap]   采购结果公示: 共10175条
2026-06-02 20:00:12,543 [plap]   ✓ 采购结果公示: 抓取100条(共10175)
2026-06-02 20:00:13,612 [plap]   采购意向公开: 共1845条
2026-06-02 20:00:16,193 [plap]   ✓ 采购意向公开: 抓取60条(共1845)
2026-06-02 20:00:17,287 [plap]   采购需求公示: 共1409条
2026-06-02 20:00:18,926 [plap]   ✓ 采购需求公示: 抓取40条(共1409)
2026-06-02 20:00:19,427 [plap] 📦 全量: 300条
2026-06-02 20:00:19,427 [plap] 🔍 去重后: 296条
2026-06-02 20:00:19,428 [plap] 📊 统计: 有预算16, 有项目号275, 有截止16
2026-06-02 20:00:19,436 [plap] 💾 已保存 296 条 → /home/hermes/projects/bidding-site/data/bids-plap.json
2026-06-02 20:00:19,436 [plap] ✅ 完成! 总计 296 条
2026-06-03 08:00:01,552 [plap] 📂 已有数据: 296条
2026-06-03 08:00:01,553 [plap] 🕷️ 每日快速增量模式...
2026-06-03 08:00:02,320 [plap]   采购公告: 共12094条
2026-06-03 08:00:07,041 [plap]   ✓ 采购公告: 抓取100条(共12094)
2026-06-03 08:00:07,855 [plap]   采购结果公示: 共10175条
2026-06-03 08:00:11,845 [plap]   ✓ 采购结果公示: 抓取100条(共10175)
2026-06-03 08:00:12,905 [plap]   采购意向公开: 共1818条
2026-06-03 08:00:15,288 [plap]   ✓ 采购意向公开: 抓取60条(共1818)
2026-06-03 08:00:16,150 [plap]   采购需求公示: 共1409条
2026-06-03 08:00:17,740 [plap]   ✓ 采购需求公示: 抓取40条(共1409)
2026-06-03 08:00:18,240 [plap] 📦 全量: 300条
2026-06-03 08:00:18,240 [plap] 🔍 去重后: 296条
2026-06-03 08:00:18,241 [plap] 📊 统计: 有预算16, 有项目号275, 有截止16
2026-06-03 08:00:18,247 [plap] 💾 已保存 296 条 → /home/hermes/projects/bidding-site/data/bids-plap.json
2026-06-03 08:00:18,247 [plap] ✅ 完成! 总计 296 条
2026-06-03 13:00:02,258 [plap] 📂 已有数据: 296条
2026-06-03 13:00:02,264 [plap] 🕷️ 每日快速增量模式...
2026-06-03 13:00:02,873 [plap]   采购公告: 共12371条
2026-06-03 13:00:07,302 [plap]   ✓ 采购公告: 抓取100条(共12371)
2026-06-03 13:00:08,163 [plap]   采购结果公示: 共10408条
2026-06-03 13:00:12,166 [plap]   ✓ 采购结果公示: 抓取100条(共10408)
2026-06-03 13:00:12,993 [plap]   采购意向公开: 共1854条
2026-06-03 13:00:15,663 [plap]   ✓ 采购意向公开: 抓取60条(共1854)
2026-06-03 13:00:16,761 [plap]   采购需求公示: 共1453条
2026-06-03 13:00:18,113 [plap]   ✓ 采购需求公示: 抓取40条(共1453)
2026-06-03 13:00:18,614 [plap] 📦 全量: 300条
2026-06-03 13:00:18,615 [plap] 🔍 去重后: 300条
2026-06-03 13:00:18,615 [plap] 📊 统计: 有预算16, 有项目号274, 有截止16
2026-06-03 13:00:18,626 [plap] 💾 已保存 300 条 → /home/hermes/projects/bidding-site/data/bids-plap.json
2026-06-03 13:00:18,626 [plap] ✅ 完成! 总计 300 条
2026-06-03 20:00:01,979 [plap] 📂 已有数据: 300条
2026-06-03 20:00:01,980 [plap] 🕷️ 每日快速增量模式...
2026-06-03 20:00:02,621 [plap]   采购公告: 共12682条
2026-06-03 20:00:06,952 [plap]   ✓ 采购公告: 抓取100条(共12682)
2026-06-03 20:00:07,995 [plap]   采购结果公示: 共10647条
2026-06-03 20:00:13,011 [plap]   ✓ 采购结果公示: 抓取100条(共10647)
2026-06-03 20:00:15,120 [plap]   采购意向公开: 共1907条
2026-06-03 20:00:17,519 [plap]   ✓ 采购意向公开: 抓取60条(共1907)
2026-06-03 20:00:18,457 [plap]   采购需求公示: 共1490条
2026-06-03 20:00:20,084 [plap]   ✓ 采购需求公示: 抓取40条(共1490)
2026-06-03 20:00:20,585 [plap] 📦 全量: 300条
2026-06-03 20:00:20,586 [plap] 🔍 去重后: 299条
2026-06-03 20:00:20,586 [plap] 📊 统计: 有预算23, 有项目号279, 有截止23
2026-06-03 20:00:20,595 [plap] 💾 已保存 299 条 → /home/hermes/projects/bidding-site/data/bids-plap.json
2026-06-03 20:00:20,595 [plap] ✅ 完成! 总计 299 条
2026-06-04 08:00:01,311 [plap] 📂 已有数据: 299条
2026-06-04 08:00:01,311 [plap] 🕷️ 每日快速增量模式...
2026-06-04 08:00:01,885 [plap]   采购公告: 共12682条
2026-06-04 08:00:06,561 [plap]   ✓ 采购公告: 抓取100条(共12682)
2026-06-04 08:00:07,618 [plap]   采购结果公示: 共10647条
2026-06-04 08:00:11,887 [plap]   ✓ 采购结果公示: 抓取100条(共10647)
2026-06-04 08:00:12,768 [plap]   采购意向公开: 共1853条
2026-06-04 08:00:15,411 [plap]   ✓ 采购意向公开: 抓取60条(共1853)
2026-06-04 08:00:16,270 [plap]   采购需求公示: 共1490条
2026-06-04 08:00:17,636 [plap]   ✓ 采购需求公示: 抓取40条(共1490)
2026-06-04 08:00:18,137 [plap] 📦 全量: 300条
2026-06-04 08:00:18,138 [plap] 🔍 去重后: 299条
2026-06-04 08:00:18,138 [plap] 📊 统计: 有预算23, 有项目号279, 有截止23
2026-06-04 08:00:18,147 [plap] 💾 已保存 299 条 → /home/hermes/projects/bidding-site/data/bids-plap.json
2026-06-04 08:00:18,147 [plap] ✅ 完成! 总计 299 条
2026-06-04 13:00:01,262 [plap] 📂 已有数据: 299条
2026-06-04 13:00:01,263 [plap] 🕷️ 每日快速增量模式...
2026-06-04 13:00:01,857 [plap]   采购公告: 共13002条
2026-06-04 13:00:06,598 [plap]   ✓ 采购公告: 抓取100条(共13002)
2026-06-04 13:00:07,662 [plap]   采购结果公示: 共10863条
2026-06-04 13:00:11,692 [plap]   ✓ 采购结果公示: 抓取100条(共10863)
2026-06-04 13:00:12,777 [plap]   采购意向公开: 共1910条
2026-06-04 13:00:15,432 [plap]   ✓ 采购意向公开: 抓取60条(共1910)
2026-06-04 13:00:16,325 [plap]   采购需求公示: 共1519条
2026-06-04 13:00:17,670 [plap]   ✓ 采购需求公示: 抓取40条(共1519)
2026-06-04 13:00:18,171 [plap] 📦 全量: 300条
2026-06-04 13:00:18,171 [plap] 🔍 去重后: 299条
2026-06-04 13:00:18,172 [plap] 📊 统计: 有预算13, 有项目号282, 有截止13
2026-06-04 13:00:18,178 [plap] 💾 已保存 299 条 → /home/hermes/projects/bidding-site/data/bids-plap.json
2026-06-04 13:00:18,178 [plap] ✅ 完成! 总计 299 条
2026-06-04 20:00:01,353 [plap] 📂 已有数据: 299条
2026-06-04 20:00:01,353 [plap] 🕷️ 每日快速增量模式...
2026-06-04 20:00:01,950 [plap]   采购公告: 共13282条
2026-06-04 20:00:06,625 [plap]   ✓ 采购公告: 抓取100条(共13282)
2026-06-04 20:00:07,691 [plap]   采购结果公示: 共11070条
2026-06-04 20:00:11,932 [plap]   ✓ 采购结果公示: 抓取100条(共11070)
2026-06-04 20:00:12,996 [plap]   采购意向公开: 共1952条
2026-06-04 20:00:15,715 [plap]   ✓ 采购意向公开: 抓取60条(共1952)
2026-06-04 20:00:16,793 [plap]   采购需求公示: 共1560条
2026-06-04 20:00:18,395 [plap]   ✓ 采购需求公示: 抓取40条(共1560)
2026-06-04 20:00:18,896 [plap] 📦 全量: 300条
2026-06-04 20:00:18,896 [plap] 🔍 去重后: 300条
2026-06-04 20:00:18,897 [plap] 📊 统计: 有预算28, 有项目号274, 有截止28
2026-06-04 20:00:18,904 [plap] 💾 已保存 300 条 → /home/hermes/projects/bidding-site/data/bids-plap.json
2026-06-04 20:00:18,904 [plap] ✅ 完成! 总计 300 条
2026-06-05 08:00:01,896 [plap] 📂 已有数据: 300条
2026-06-05 08:00:01,900 [plap] 🕷️ 每日快速增量模式...
2026-06-05 08:00:02,493 [plap]   采购公告: 共13282条
2026-06-05 08:00:07,810 [plap]   ✓ 采购公告: 抓取100条(共13282)
2026-06-05 08:00:08,861 [plap]   采购结果公示: 共11070条
2026-06-05 08:00:13,347 [plap]   ✓ 采购结果公示: 抓取100条(共11070)
2026-06-05 08:00:14,164 [plap]   采购意向公开: 共1919条
2026-06-05 08:00:16,610 [plap]   ✓ 采购意向公开: 抓取60条(共1919)
2026-06-05 08:00:17,677 [plap]   采购需求公示: 共1560条
2026-06-05 08:00:19,047 [plap]   ✓ 采购需求公示: 抓取40条(共1560)
2026-06-05 08:00:19,548 [plap] 📦 全量: 300条
2026-06-05 08:00:19,549 [plap] 🔍 去重后: 300条
2026-06-05 08:00:19,549 [plap] 📊 统计: 有预算28, 有项目号274, 有截止28
2026-06-05 08:00:19,556 [plap] 💾 已保存 300 条 → /home/hermes/projects/bidding-site/data/bids-plap.json
2026-06-05 08:00:19,556 [plap] ✅ 完成! 总计 300 条
2026-06-05 13:00:01,883 [plap] 📂 已有数据: 300条
2026-06-05 13:00:01,886 [plap] 🕷️ 每日快速增量模式...
2026-06-05 13:00:02,451 [plap]   采购公告: 共13377条
2026-06-05 13:00:07,284 [plap]   ✓ 采购公告: 抓取100条(共13377)
2026-06-05 13:00:08,087 [plap]   采购结果公示: 共11052条
2026-06-05 13:00:12,291 [plap]   ✓ 采购结果公示: 抓取100条(共11052)
2026-06-05 13:00:13,093 [plap]   采购意向公开: 共1949条
2026-06-05 13:00:15,470 [plap]   ✓ 采购意向公开: 抓取60条(共1949)
2026-06-05 13:00:16,507 [plap]   采购需求公示: 共1561条
2026-06-05 13:00:17,862 [plap]   ✓ 采购需求公示: 抓取40条(共1561)
2026-06-05 13:00:18,363 [plap] 📦 全量: 300条
2026-06-05 13:00:18,363 [plap] 🔍 去重后: 300条
2026-06-05 13:00:18,364 [plap] 📊 统计: 有预算16, 有项目号269, 有截止16
2026-06-05 13:00:18,372 [plap] 💾 已保存 300 条 → /home/hermes/projects/bidding-site/data/bids-plap.json
2026-06-05 13:00:18,372 [plap] ✅ 完成! 总计 300 条
2026-06-05 20:00:01,945 [plap] 📂 已有数据: 300条
2026-06-05 20:00:01,945 [plap] 🕷️ 每日快速增量模式...
2026-06-05 20:00:02,423 [plap]   采购公告: 共13872条
2026-06-05 20:00:07,164 [plap]   ✓ 采购公告: 抓取100条(共13872)
2026-06-05 20:00:08,038 [plap]   采购结果公示: 共11375条
2026-06-05 20:00:12,220 [plap]   ✓ 采购结果公示: 抓取100条(共11375)
2026-06-05 20:00:13,279 [plap]   采购意向公开: 共2031条
2026-06-05 20:00:15,640 [plap]   ✓ 采购意向公开: 抓取60条(共2031)
2026-06-05 20:00:16,444 [plap]   采购需求公示: 共1608条
2026-06-05 20:00:18,059 [plap]   ✓ 采购需求公示: 抓取40条(共1608)
2026-06-05 20:00:18,560 [plap] 📦 全量: 300条
2026-06-05 20:00:18,560 [plap] 🔍 去重后: 300条
2026-06-05 20:00:18,560 [plap] 📊 统计: 有预算27, 有项目号270, 有截止27
2026-06-05 20:00:18,565 [plap] 💾 已保存 300 条 → /home/hermes/projects/bidding-site/data/bids-plap.json
2026-06-05 20:00:18,565 [plap] ✅ 完成! 总计 300 条
2026-06-06 08:00:01,147 [plap] 📂 已有数据: 300条
2026-06-06 08:00:01,151 [plap] 🕷️ 每日快速增量模式...
2026-06-06 08:00:01,681 [plap]   采购公告: 共12709条
2026-06-06 08:00:06,384 [plap]   ✓ 采购公告: 抓取100条(共12709)
2026-06-06 08:00:07,467 [plap]   采购结果公示: 共10467条
2026-06-06 08:00:11,658 [plap]   ✓ 采购结果公示: 抓取100条(共10467)
2026-06-06 08:00:12,459 [plap]   采购意向公开: 共1884条
2026-06-06 08:00:15,049 [plap]   ✓ 采购意向公开: 抓取60条(共1884)
2026-06-06 08:00:15,901 [plap]   采购需求公示: 共1490条
2026-06-06 08:00:17,513 [plap]   ✓ 采购需求公示: 抓取40条(共1490)
2026-06-06 08:00:18,014 [plap] 📦 全量: 300条
2026-06-06 08:00:18,014 [plap] 🔍 去重后: 300条
2026-06-06 08:00:18,015 [plap] 📊 统计: 有预算27, 有项目号270, 有截止27
2026-06-06 08:00:18,021 [plap] 💾 已保存 300 条 → /home/hermes/projects/bidding-site/data/bids-plap.json
2026-06-06 08:00:18,021 [plap] ✅ 完成! 总计 300 条
2026-06-06 13:00:02,009 [plap] 📂 已有数据: 300条
2026-06-06 13:00:02,009 [plap] 🕷️ 每日快速增量模式...
2026-06-06 13:00:02,507 [plap]   采购公告: 共12709条
2026-06-06 13:00:07,160 [plap]   ✓ 采购公告: 抓取100条(共12709)
2026-06-06 13:00:08,244 [plap]   采购结果公示: 共10467条
2026-06-06 13:00:12,286 [plap]   ✓ 采购结果公示: 抓取100条(共10467)
2026-06-06 13:00:13,344 [plap]   采购意向公开: 共1884条
2026-06-06 13:00:15,920 [plap]   ✓ 采购意向公开: 抓取60条(共1884)
2026-06-06 13:00:16,739 [plap]   采购需求公示: 共1489条
2026-06-06 13:00:18,099 [plap]   ✓ 采购需求公示: 抓取40条(共1489)
2026-06-06 13:00:18,600 [plap] 📦 全量: 300条
2026-06-06 13:00:18,600 [plap] 🔍 去重后: 300条
2026-06-06 13:00:18,600 [plap] 📊 统计: 有预算27, 有项目号270, 有截止27
2026-06-06 13:00:18,606 [plap] 💾 已保存 300 条 → /home/hermes/projects/bidding-site/data/bids-plap.json
2026-06-06 13:00:18,607 [plap] ✅ 完成! 总计 300 条
2026-06-06 20:00:02,059 [plap] 📂 已有数据: 300条
2026-06-06 20:00:02,061 [plap] 🕷️ 每日快速增量模式...
2026-06-06 20:00:02,860 [plap]   采购公告: 共12731条
2026-06-06 20:00:07,816 [plap]   ✓ 采购公告: 抓取100条(共12731)
2026-06-06 20:00:08,691 [plap]   采购结果公示: 共10480条
2026-06-06 20:00:12,665 [plap]   ✓ 采购结果公示: 抓取100条(共10480)
2026-06-06 20:00:13,700 [plap]   采购意向公开: 共1891条
2026-06-06 20:00:16,299 [plap]   ✓ 采购意向公开: 抓取60条(共1891)
2026-06-06 20:00:17,152 [plap]   采购需求公示: 共1494条
2026-06-06 20:00:18,509 [plap]   ✓ 采购需求公示: 抓取40条(共1494)
2026-06-06 20:00:19,010 [plap] 📦 全量: 300条
2026-06-06 20:00:19,011 [plap] 🔍 去重后: 300条
2026-06-06 20:00:19,012 [plap] 📊 统计: 有预算27, 有项目号269, 有截止27
2026-06-06 20:00:19,019 [plap] 💾 已保存 300 条 → /home/hermes/projects/bidding-site/data/bids-plap.json
2026-06-06 20:00:19,019 [plap] ✅ 完成! 总计 300 条
2026-06-07 08:00:01,745 [plap] 📂 已有数据: 300条
2026-06-07 08:00:01,747 [plap] 🕷️ 每日快速增量模式...
2026-06-07 08:00:02,296 [plap]   采购公告: 共12731条
2026-06-07 08:00:06,990 [plap]   ✓ 采购公告: 抓取100条(共12731)
2026-06-07 08:00:08,084 [plap]   采购结果公示: 共10480条
2026-06-07 08:00:12,092 [plap]   ✓ 采购结果公示: 抓取100条(共10480)
2026-06-07 08:00:12,901 [plap]   采购意向公开: 共1881条
2026-06-07 08:00:15,046 [plap]   ✓ 采购意向公开: 抓取60条(共1881)
2026-06-07 08:00:16,139 [plap]   采购需求公示: 共1494条
2026-06-07 08:00:17,497 [plap]   ✓ 采购需求公示: 抓取40条(共1494)
2026-06-07 08:00:17,998 [plap] 📦 全量: 300条
2026-06-07 08:00:17,998 [plap] 🔍 去重后: 300条
2026-06-07 08:00:17,999 [plap] 📊 统计: 有预算27, 有项目号269, 有截止27
2026-06-07 08:00:18,006 [plap] 💾 已保存 300 条 → /home/hermes/projects/bidding-site/data/bids-plap.json
2026-06-07 08:00:18,006 [plap] ✅ 完成! 总计 300 条
2026-06-07 13:00:18,302 [plap] 📂 已有数据: 300条
2026-06-07 13:00:18,671 [plap] 🕷️ 每日快速增量模式...
2026-06-07 13:00:27,512 [plap]   采购公告: 共12731条
2026-06-07 13:00:52,125 [plap]   ✓ 采购公告: 抓取100条(共12731)
2026-06-07 13:00:59,767 [plap]   采购结果公示: 共10480条
2026-06-07 13:01:26,636 [plap]   ✓ 采购结果公示: 抓取100条(共10480)
2026-06-07 13:01:37,256 [plap]   采购意向公开: 共1881条
2026-06-07 13:01:46,713 [plap]   ✓ 采购意向公开: 抓取60条(共1881)
2026-06-07 13:01:51,352 [plap]   采购需求公示: 共1493条
2026-06-07 13:02:02,489 [plap]   ✓ 采购需求公示: 抓取40条(共1493)
2026-06-07 13:02:04,869 [plap] 📦 全量: 300条
2026-06-07 13:02:04,870 [plap] 🔍 去重后: 300条
2026-06-07 13:02:04,871 [plap] 📊 统计: 有预算27, 有项目号269, 有截止27
2026-06-07 13:02:05,569 [plap] 💾 已保存 300 条 → /home/hermes/projects/bidding-site/data/bids-plap.json
2026-06-07 13:02:05,628 [plap] ✅ 完成! 总计 300 条
2026-06-07 20:00:01,696 [plap] 📂 已有数据: 300条
2026-06-07 20:00:01,704 [plap] 🕷️ 每日快速增量模式...
2026-06-07 20:00:03,165 [plap]   采购公告: 共12731条
2026-06-07 20:00:09,869 [plap]   ✓ 采购公告: 抓取100条(共12731)
2026-06-07 20:00:11,227 [plap]   采购结果公示: 共10480条
2026-06-07 20:00:15,437 [plap]   ✓ 采购结果公示: 抓取100条(共10480)
2026-06-07 20:00:16,427 [plap]   采购意向公开: 共1881条
2026-06-07 20:00:18,834 [plap]   ✓ 采购意向公开: 抓取60条(共1881)
2026-06-07 20:00:19,689 [plap]   采购需求公示: 共1493条
2026-06-07 20:00:22,021 [plap]   ✓ 采购需求公示: 抓取40条(共1493)
2026-06-07 20:00:22,522 [plap] 📦 全量: 300条
2026-06-07 20:00:22,524 [plap] 🔍 去重后: 300条
2026-06-07 20:00:22,525 [plap] 📊 统计: 有预算27, 有项目号269, 有截止27
2026-06-07 20:00:22,550 [plap] 💾 已保存 300 条 → /home/hermes/projects/bidding-site/data/bids-plap.json
2026-06-07 20:00:22,550 [plap] ✅ 完成! 总计 300 条
2026-06-08 08:00:01,810 [plap] 📂 已有数据: 300条
2026-06-08 08:00:01,810 [plap] 🕷️ 每日快速增量模式...
2026-06-08 08:00:02,319 [plap]   采购公告: 共11543条
2026-06-08 08:00:06,735 [plap]   ✓ 采购公告: 抓取100条(共11543)
2026-06-08 08:00:07,831 [plap]   采购结果公示: 共9552条
2026-06-08 08:00:12,086 [plap]   ✓ 采购结果公示: 抓取100条(共9552)
2026-06-08 08:00:12,891 [plap]   采购意向公开: 共1728条
2026-06-08 08:00:15,282 [plap]   ✓ 采购意向公开: 抓取60条(共1728)
2026-06-08 08:00:16,121 [plap]   采购需求公示: 共1344条
2026-06-08 08:00:17,475 [plap]   ✓ 采购需求公示: 抓取40条(共1344)
2026-06-08 08:00:17,976 [plap] 📦 全量: 300条
2026-06-08 08:00:17,977 [plap] 🔍 去重后: 300条
2026-06-08 08:00:17,977 [plap] 📊 统计: 有预算27, 有项目号269, 有截止27
2026-06-08 08:00:17,983 [plap] 💾 已保存 300 条 → /home/hermes/projects/bidding-site/data/bids-plap.json
2026-06-08 08:00:17,984 [plap] ✅ 完成! 总计 300 条
